******************************************************************************
                  TI ARM Linker PC v5.2.5                      
******************************************************************************
>> Linked Fri Oct 30 20:03:09 2020

OUTPUT FILE NAME:   <NLThesisTelemetry.out>
ENTRY POINT SYMBOL: "_c_int00"  address: 20011bf5


MEMORY CONFIGURATION

         name            origin    length      used     unused   attr    fill
----------------------  --------  ---------  --------  --------  ----  --------
  SRAM_CODE             20004000   00012fff  00012637  000009c8  RW X
  SRAM_DATA             20017000   00019000  0000c132  0000cece  RW X


SEGMENT ALLOCATION MAP

run origin  load origin   length   init length attrs members
----------  ----------- ---------- ----------- ----- -------
20004000    20004000    00012640   00012640    r-x
  20004000    20004000    0000030c   0000030c    r-- .resetVecs
  20004310    20004310    0000f9aa   0000f9aa    r-x .text
  20013cbc    20013cbc    000025d1   000025d1    r-- .const
  20016290    20016290    000003b0   000003b0    r-- .cinit
20017000    20017000    0000a134   00000000    rw-
  20017000    20017000    00009b36   00000000    rw- .bss
  20020b38    20020b38    000005fc   00000000    rw- .data
2002e000    2002e000    00002000   00000000    rw-
  2002e000    2002e000    00002000   00000000    rw- .stack


SECTION ALLOCATION MAP

 output                                  attributes/
section   page    origin      length       input sections
--------  ----  ----------  ----------   ----------------
.init_array 
*          0    20004000    00000000     UNINITIALIZED

.resetVecs 
*          0    20004000    0000030c     
                  20004000    0000030c     app_pem4.oem4 (.resetVecs)

.text      0    20004310    0000f9aa     
                  20004310    00002074     main.obj (.text)
                  20006384    000010a6     rtsv7M4_T_le_eabi.lib : _printfi.obj (.text)
                  2000742a    00000002     driverlib.a : interrupt.obj (.text:IntDefaultHandler)
                  2000742c    00000590     simplelink.a : driver.obj (.text:_SlDrvMsgRead)
                  200079bc    00000544     ti_rtos.a : osi_tirtos.obj (.text)
                  20007f00    00000430     sysbios.aem4 : BIOS.obj (.text:ti_sysbios_family_arm_m3_Hwi_excDumpRegs__I)
                  20008330    00000394     gpio_if.obj (.text)
                  200086c4    0000034c     ti.targets.arm.rtsarm.aem4 : System.oem4 (.text:xdc_runtime_System_doPrint__I)
                  20008a10    00000314     sysbios.aem4 : BIOS.obj (.text:ti_sysbios_knl_Semaphore_pend__E)
                  20008d24    000002d4     rtsv7M4_T_le_eabi.lib : trgdrv.obj (.text)
                  20008ff8    00000280     uart_if.obj (.text)
                  20009278    00000258     simplelink.a : driver.obj (.text:_SlDrvRxHdrRead)
                  200094d0    00000254     sysbios.aem4 : BIOS.obj (.text:ti_sysbios_heaps_HeapMem_free__E)
                  20009724    00000004     app_pem4.oem4 (.text:ti_sysbios_BIOS_RtsGateProxy_enter__E)
                  20009728    00000248     sysbios.aem4 : BIOS.obj (.text:ti_sysbios_heaps_HeapMem_alloc__E)
                  20009970    0000022c                  : BIOS.obj (.text:ti_sysbios_knl_Task_Instance_finalize__E)
                  20009b9c    00000004     app_pem4.oem4 (.text:ti_sysbios_BIOS_RtsGateProxy_leave__E)
                  20009ba0    00000200     sysbios.aem4 : BIOS.obj (.text:ti_sysbios_knl_Task_sleep__E)
                  20009da0    000001fc                  : BIOS.obj (.text:ti_sysbios_family_arm_m3_Hwi_excHandlerMax__I)
                  20009f9c    000001f4     rtsv7M4_T_le_eabi.lib : ull_div_t2.obj (.text)
                  2000a190    000001e0     simplelink.a : driver.obj (.text:_SlDrvDataReadOp)
                  2000a370    000001d0                  : driver.obj (.text:_SlDrvReleasePoolObj)
                  2000a540    000001c8     sysbios.aem4 : BIOS.obj (.text:ti_sysbios_knl_Task_Instance_init__E)
                  2000a708    000001c0     udma_if.obj (.text)
                  2000a8c8    000001b6     rtsv7M4_T_le_eabi.lib : fd_add_t2.obj (.text)
                  2000aa7e    00000002                           : i_div0.obj (.text)
                  2000aa80    000001b0     simplelink.a : netapp.obj (.text:sl_NetAppPingStart)
                  2000ac30    0000019c                  : driver.obj (.text:_SlDrvMsgWrite)
                  2000adcc    00000004     app_pem4.oem4 (.text:ti_sysbios_family_arm_m3_Hwi_delete)
                  2000add0    0000019c     sysbios.aem4 : BIOS.obj (.text:ti_sysbios_knl_Task_Module_startup__E)
                  2000af6c    00000190     simplelink.a : driver.obj (.text:_SlDrvDriverCBInit)
                  2000b0fc    00000190                  : driver.obj (.text:_SlDrvWaitForPoolObj)
                  2000b28c    0000018c                  : socket.obj (.text:sl_Connect)
                  2000b418    00000184     sysbios.aem4 : BIOS.obj (.text:ti_sysbios_knl_Task_setPri__E)
                  2000b59c    00000178     driverlib.a : prcm.obj (.text:PRCMCC3200MCUInit)
                  2000b714    00000004     app_pem4.oem4 (.text:ti_sysbios_family_arm_m3_TaskSupport_Module__startupDone__S)
                  2000b718    00000174     sysbios.aem4 : BIOS.obj (.text:ti_sysbios_family_arm_m3_Hwi_excBusFault__I)
                  2000b88c    00000170     simplelink.a : driver.obj (.text:_SlFindAndSetActiveObj)
                  2000b9fc    00000004     app_pem4.oem4 (.text:ti_sysbios_heaps_HeapMem_Module_GateProxy_enter__E)
                  2000ba00    00000164     sysbios.aem4 : BIOS.obj (.text:ti_sysbios_family_arm_m3_Hwi_excUsageFault__I)
                  2000bb64    00000004     app_pem4.oem4 (.text:ti_sysbios_heaps_HeapMem_Module_GateProxy_leave__E)
                  2000bb68    00000158     sysbios.aem4 : BIOS.obj (.text:ti_sysbios_knl_Mailbox_Instance_init__E)
                  2000bcc0    00000150     simplelink.a : cc_pal.obj (.text:spi_Open)
                  2000be10    0000014c                  : driver.obj (.text:_SlDrvDataWriteOp)
                  2000bf5c    00000004     app_pem4.oem4 (.text:ti_sysbios_knl_Clock_TimerProxy_getMaxTicks__E)
                  2000bf60    00000148     sysbios.aem4 : BIOS.obj (.text:ti_sysbios_family_arm_m3_Hwi_excMemFault__I)
                  2000c0a8    00000144     simplelink.a : socket.obj (.text:sl_SendTo)
                  2000c1ec    00000004     app_pem4.oem4 (.text:ti_sysbios_knl_Mailbox_delete)
                  2000c1f0    00000140     sysbios.aem4 : BIOS.obj (.text:ti_sysbios_knl_Semaphore_post__E)
                  2000c330    0000013c     simplelink.a : driver.obj (.text:_SlDrvMsgReadCmdCtx)
                  2000c46c    0000013c                  : socket.obj (.text:sl_RecvFrom)
                  2000c5a8    0000013c     sysbios.aem4 : BIOS.obj (.text:ti_sysbios_heaps_HeapMem_Instance_init__E)
                  2000c6e4    00000004     app_pem4.oem4 (.text:ti_sysbios_knl_Queue_destruct)
                  2000c6e8    00000138     sysbios.aem4 : BIOS.obj (.text:ti_sysbios_family_arm_m3_Hwi_dispatchC__I)
                  2000c820    00000138     ti.targets.arm.rtsarm.aem4 : LoggerBuf.oem4 (.text:xdc_runtime_LoggerBuf_write8__E)
                  2000c958    00000136     rtsv7M4_T_le_eabi.lib : fd_div_t2.obj (.text)
                  2000ca8e    00000002     app_pem4.oem4 (.text:ti_sysbios_BIOS_nullFunc__I)
                  2000ca90    00000134     simplelink.a : socket.obj (.text:sl_Send)
                  2000cbc4    00000004     app_pem4.oem4 (.text:ti_sysbios_knl_Semaphore_delete)
                  2000cbc8    00000134     sysbios.aem4 : BIOS.obj (.text:ti_sysbios_knl_Clock_workFunc__E)
                  2000ccfc    00000124     simplelink.a : driver.obj (.text:_SlDrvDriverCBDeinit)
                  2000ce20    0000011c     sysbios.aem4 : BIOS.obj (.text:ti_sysbios_knl_Swi_run__I)
                  2000cf3c    00000118     ti.targets.arm.rtsarm.aem4 : Error.oem4 (.text:xdc_runtime_Error_policyDefault__E)
                  2000d054    00000110     rtsv7M4_T_le_eabi.lib : xdscale.obj (.text)
                  2000d164    00000104     simplelink.a : netapp.obj (.text:_SlDrvNetAppEventHandler)
                  2000d268    00000100     ti.targets.arm.rtsarm.aem4 : Core-mem.oem4 (.text:xdc_runtime_Core_createObject__I)
                  2000d368    000000fc     rtsv7M4_T_le_eabi.lib : fd_mul_t2.obj (.text)
                  2000d464    000000f8     ti.targets.arm.rtsarm.aem4 : Startup.oem4 (.text:xdc_runtime_Startup_startMods__I)
                  2000d55c    000000f8     app_pem4.oem4 (.text:xdc_runtime_System_printfExtend__I)
                  2000d654    000000f0     simplelink.a : device.obj (.text:sl_Stop)
                  2000d744    000000f0     driverlib.a : udma.obj (.text:uDMAChannelTransferSet)
                  2000d834    000000ec     simplelink.a : device.obj (.text:sl_Start)
                  2000d920    000000e8                  : driver.obj (.text:_SlAsyncEventGenericHandler)
                  2000da08    000000e8                  : driver.obj (.text:_SlDrvMsgReadSpawnCtx)
                  2000daf0    000000e4                  : netapp.obj (.text:sl_NetAppMDNSRegisterUnregisterService)
                  2000dbd4    000000dc                  : driver.obj (.text:_SlDrvClassifyRxMsg)
                  2000dcb0    000000dc                  : cc_pal.obj (.text:spi_Read)
                  2000dd8c    000000d8                  : netcfg.obj (.text:sl_NetCfgGet)
                  2000de64    000000d4     ti.targets.arm.rtsarm.aem4 : LoggerBuf.oem4 (.text:xdc_runtime_LoggerBuf_write4__E)
                  2000df38    000000d0     sysbios.aem4 : BIOS.obj (.text:ti_sysbios_family_arm_m3_Hwi_Module_startup__E)
                  2000e008    000000d0                  : m3_Hwi_asm.obj (.text:ti_sysbios_family_arm_m3_Hwi_dispatch__I)
                  2000e0d8    000000cc     simplelink.a : netapp.obj (.text:_sl_HandleAsync_DnsGetHostByService)
                  2000e1a4    000000cc                  : device.obj (.text:sl_DevGet)
                  2000e270    000000cc     sysbios.aem4 : BIOS.obj (.text:ti_sysbios_knl_Task_schedule__I)
                  2000e33c    000000cc     ti.targets.arm.rtsarm.aem4 : Core-smem.oem4 (.text:xdc_runtime_Core_constructObject__I)
                  2000e408    000000c4     simplelink.a : driver.obj (.text:_SlRemoveFromList)
                  2000e4cc    000000c0                  : driver.obj (.text:_SlDrvCmdOp)
                  2000e58c    000000be     rtsv7M4_T_le_eabi.lib : xdnorm.obj (.text)
                  2000e64a    00000006     driverlib.a : utils.obj (.text:UtilsDelay)
                  2000e650    000000bc     sysbios.aem4 : BIOS.obj (.text:ti_sysbios_family_arm_m3_Hwi_excDebugMon__I)
                  2000e70c    00000004     app_pem4.oem4 (.text:ti_sysbios_knl_Semaphore_destruct)
                  2000e710    000000bc     sysbios.aem4 : BIOS.obj (.text:ti_sysbios_family_arm_m3_Hwi_excHardFault__I)
                  2000e7cc    00000004     app_pem4.oem4 (.text:ti_sysbios_knl_Task_delete)
                  2000e7d0    000000bc     sysbios.aem4 : BIOS.obj (.text:ti_sysbios_knl_Task_startCore__E)
                  2000e88c    000000b8     simplelink.a : socket.obj (.text:sl_Bind)
                  2000e944    00000004     ti.targets.arm.rtsarm.aem4 : Error.oem4 (.text:xdc_runtime_Error_getSite__E)
                  2000e948    000000b4     sysbios.aem4 : BIOS.obj (.text:ti_sysbios_gates_GateMutex_enter__E)
                  2000e9fc    00000004     app_pem4.oem4 (.text:xdc_runtime_LoggerBuf_Module_GateProxy_enter__E)
                  2000ea00    000000b4     sysbios.aem4 : BIOS.obj (.text:ti_sysbios_knl_Task_checkStacks__E)
                  2000eab4    00000004     app_pem4.oem4 (.text:xdc_runtime_LoggerBuf_Module_GateProxy_leave__E)
                  2000eab8    000000b4     sysbios.aem4 : BIOS.obj (.text:ti_sysbios_knl_Task_yield__E)
                  2000eb6c    00000004     app_pem4.oem4 (.text:xdc_runtime_System_Module_GateProxy_enter__E)
                  2000eb70    000000ac     sysbios.aem4 : BIOS.obj (.text:ti_sysbios_knl_Swi_post__E)
                  2000ec1c    000000a8     driverlib.a : interrupt.obj (.text:IntDisable)
                  2000ecc4    000000a8                 : interrupt.obj (.text:IntEnable)
                  2000ed6c    00000004     app_pem4.oem4 (.text:xdc_runtime_System_Module_GateProxy_leave__E)
                  2000ed70    000000a8     sysbios.aem4 : BIOS.obj (.text:ti_sysbios_knl_Task_blockI__E)
                  2000ee18    000000a8                  : BIOS.obj (.text:ti_sysbios_knl_Task_postInit__I)
                  2000eec0    000000a0     driverlib.a : spi.obj (.text:SPIConfigSetExpClk)
                  2000ef60    000000a0     simplelink.a : driver.obj (.text:_SlDriverHandleError)
                  2000f000    000000a0     auto_init.aem4 : auto_init.oem4 (.text)
                  2000f0a0    000000a0     simplelink.a : socket.obj (.text:sl_Recv)
                  2000f140    000000a0     ti.targets.arm.rtsarm.aem4 : Text.oem4 (.text:xdc_runtime_Text_putMod__E)
                  2000f1e0    0000009c     rtsv7M4_T_le_eabi.lib : memcpy_t2.obj (.text)
                  2000f27c    00000004     ti.targets.arm.rtsarm.aem4 : System.oem4 (.text:xdc_runtime_System_aprintf_va__F)
                  2000f280    0000009c     sysbios.aem4 : BIOS.obj (.text:ti_sysbios_knl_Semaphore_Instance_init__E)
                  2000f31c    0000009c     ti.targets.arm.rtsarm.aem4 : LoggerBuf.oem4 (.text:xdc_runtime_LoggerBuf_setFilterLevel__E)
                  2000f3b8    0000009a     simplelink.a : device.obj (.text:_SlDrvDeviceEventHandler)
                  2000f452    00000002     app_pem4.oem4 (.text:xdc_runtime_Startup_reset__I)
                  2000f454    0000009a     ti.targets.arm.rtsarm.aem4 : Text.oem4 (.text:xdc_runtime_Text_putSite__E)
                  2000f4ee    00000002     --HOLE-- [fill = 0]
                  2000f4f0    00000098     simplelink.a : netcfg.obj (.text:sl_NetCfgSet)
                  2000f588    00000098                  : socket.obj (.text:sl_SetSockOpt)
                  2000f620    00000098                  : wlan.obj (.text:sl_WlanSet)
                  2000f6b8    00000098     sysbios.aem4 : BIOS.obj (.text:ti_sysbios_knl_Mailbox_post__E)
                  2000f750    00000094     driverlib.a : prcm.obj (.text:PRCMPeripheralClockGet)
                  2000f7e4    00000004     ti.targets.arm.rtsarm.aem4 : System.oem4 (.text:xdc_runtime_System_printf_va__F)
                  2000f7e8    00000094     sysbios.aem4 : BIOS.obj (.text:ti_sysbios_family_arm_m3_Hwi_Instance_init__E)
                  2000f87c    00000004     --HOLE-- [fill = 0]
                  2000f880    00000094                  : BIOS.obj (.text:ti_sysbios_knl_Task_exit__E)
                  2000f914    00000090     simplelink.a : netapp.obj (.text:_sl_HandleAsync_DnsGetHostByName)
                  2000f9a4    00000090                  : netapp.obj (.text:_sl_HandleAsync_PingResponse)
                  2000fa34    00000090                  : wlan.obj (.text:sl_WlanPolicySet)
                  2000fac4    00000004     --HOLE-- [fill = 0]
                  2000fac8    00000090     sysbios.aem4 : BIOS.obj (.text:ti_sysbios_knl_Task_unblockI__E)
                  2000fb58    0000008c     simplelink.a : cc_pal.obj (.text:SetupDMAReceive)
                  2000fbe4    0000008c                  : cc_pal.obj (.text:SetupDMASend)
                  2000fc70    0000008c                  : driver.obj (.text:_SlDrvIsTimeoutExpired)
                  2000fcfc    0000008c                  : device.obj (.text:_sl_HandleAsync_InitComplete)
                  2000fd88    0000008c                  : socket.obj (.text:sl_Socket)
                  2000fe14    0000008c                  : cc_pal.obj (.text:spi_Write)
                  2000fea0    0000008c     sysbios.aem4 : BIOS.obj (.text:ti_sysbios_knl_Mailbox_pend__E)
                  2000ff2c    00000088     driverlib.a : pin.obj (.text:PinConfigSet)
                  2000ffb4    00000088     rtsv7M4_T_le_eabi.lib : vsnprintf.obj (.text)
                  2001003c    00000004     --HOLE-- [fill = 0]
                  20010040    00000088     sysbios.aem4 : BIOS.obj (.text:ti_sysbios_family_arm_m3_Hwi_initNVIC__E)
                  200100c8    00000088                  : BIOS.obj (.text:ti_sysbios_knl_Mailbox_Module_startup__E)
                  20010150    00000086     rtsv7M4_T_le_eabi.lib : fd_cmp_t2.obj (.text:__aeabi_cdcmple)
                  200101d6    00000086                           : fd_cmp_t2.obj (.text:__aeabi_cdrcmple)
                  2001025c    00000084     simplelink.a : wlan.obj (.text:sl_WlanRxFilterSet)
                  200102e0    00000084     sysbios.aem4 : BIOS.obj (.text:ti_sysbios_family_arm_m3_Hwi_postInit__I)
                  20010364    00000082     driverlib.a : gpio.obj (.text:GPIOIntTypeSet)
                  200103e6    00000002     --HOLE-- [fill = 0]
                  200103e8    00000080     simplelink.a : socket.obj (.text:_sl_HandleAsync_Connect)
                  20010468    00000080                  : cc_pal.obj (.text:spi_Read_CPU)
                  200104e8    00000080                  : cc_pal.obj (.text:spi_Write_CPU)
                  20010568    0000007c     sysbios.aem4 : BIOS.obj (.text:ti_sysbios_family_arm_m3_TimestampProvider_get64__E)
                  200105e4    0000007a     rtsv7M4_T_le_eabi.lib : memset_t2.obj (.text)
                  2001065e    00000002     --HOLE-- [fill = 0]
                  20010660    00000078     simplelink.a : cc_pal.obj (.text:spi_Close)
                  200106d8    00000076     driverlib.a : uart.obj (.text:UARTConfigSetExpClk)
                  2001074e    00000002     --HOLE-- [fill = 0]
                  20010750    00000074     ti.targets.arm.rtsarm.aem4 : LoggerBuf.oem4 (.text:xdc_runtime_LoggerBuf_getFilterLevel__E)
                  200107c4    00000004     --HOLE-- [fill = 0]
                  200107c8    00000070     sysbios.aem4 : BIOS.obj (.text:ti_sysbios_knl_Mailbox_Instance_finalize__E)
                  20010838    0000006d     ti.targets.arm.rtsarm.aem4 : System.oem4 (.text:xdc_runtime_System_formatNum__I)
                  200108a5    00000003     --HOLE-- [fill = 0]
                  200108a8    0000006c     simplelink.a : driver.obj (.text:_SlDrvCmdSend)
                  20010914    0000006c                  : netapp.obj (.text:_sl_NetAppSendTokenValue)
                  20010980    0000006c     sysbios.aem4 : BIOS.obj (.text:ti_sysbios_knl_Swi_restoreHwi__E)
                  200109ec    0000006c     ti.targets.arm.rtsarm.aem4 : Error.oem4 (.text:xdc_runtime_Error_print__E)
                  20010a58    0000006c                                : Memory.oem4 (.text:xdc_runtime_Memory_alloc__E)
                  20010ac4    0000006a     rtsv7M4_T_le_eabi.lib : copy_decompress_rle.obj (.text)
                  20010b2e    00000002     --HOLE-- [fill = 0]
                  20010b30    00000068                           : trgmsg.obj (.text)
                  20010b98    00000066                           : xdunscal.obj (.text)
                  20010bfe    00000066     ti.targets.arm.rtsarm.aem4 : Core-mem.oem4 (.text:xdc_runtime_Core_deleteObject__I)
                  20010c64    00000064     simplelink.a : socket.obj (.text:_sl_HandleAsync_Accept)
                  20010cc8    00000064                  : netapp.obj (.text:sl_NetAppMDNSUnRegisterService)
                  20010d2c    00000064     app_pem4.oem4 (.text:ti_sysbios_family_arm_m3_Hwi_create)
                  20010d90    00000064     app_pem4.oem4 (.text:ti_sysbios_knl_Mailbox_create)
                  20010df4    00000064     driverlib.a : udma.obj (.text:uDMAChannelAttributeDisable)
                  20010e58    00000064                 : udma.obj (.text:uDMAChannelAttributeEnable)
                  20010ebc    00000060     simplelink.a : socket.obj (.text:sl_Close)
                  20010f1c    00000060                  : wlan.obj (.text:sl_WlanProfileDel)
                  20010f7c    00000060                  : wlan.obj (.text:sl_WlanSetMode)
                  20010fdc    00000004     --HOLE-- [fill = 0]
                  20010fe0    00000060     sysbios.aem4 : BIOS.obj (.text:ti_sysbios_knl_Clock_logTick__E)
                  20011040    0000005c                  : BIOS.obj (.text:ti_sysbios_knl_Swi_schedule__I)
                  2001109c    0000005c     app_pem4.oem4 (.text:ti_sysbios_knl_Task_create)
                  200110f8    0000005c     app_pem4.oem4 (.text:xdc_runtime_LoggerBuf_Object__create__S)
                  20011154    0000005b     ti.targets.arm.rtsarm.aem4 : Text.oem4 (.text:xdc_runtime_Text_putLab__E)
                  200111af    00000001     --HOLE-- [fill = 0]
                  200111b0    00000058     driverlib.a : interrupt.obj (.text:IntPendClear)
                  20011208    00000058                 : prcm.obj (.text:PRCMPeripheralReset)
                  20011260    00000058     sysbios.aem4 : BIOS.obj (.text:ti_sysbios_family_arm_m3_Timer_setPeriod__E)
                  200112b8    00000056     rtsv7M4_T_le_eabi.lib : ltoa.obj (.text)
                  2001130e    00000002     --HOLE-- [fill = 0]
                  20011310    00000054     simplelink.a : socket.obj (.text:_sl_HandleAsync_Select)
                  20011364    00000004     --HOLE-- [fill = 0]
                  20011368    00000054     sysbios.aem4 : BIOS.obj (.text:ti_sysbios_family_arm_m3_Timer_start__E)
                  200113bc    00000054     ti.targets.arm.rtsarm.aem4 : Assert.oem4 (.text:xdc_runtime_Assert_raise__I)
                  20011410    00000050     simplelink.a : driver.obj (.text:_SlDrvRxIrqHandler)
                  20011460    00000050                  : device.obj (.text:_sl_HandleAsync_Stop)
                  200114b0    00000050     ti.targets.arm.rtsarm.aem4 : Startup.oem4 (.text:xdc_runtime_Startup_exec__E)
                  20011500    00000050                                : Text.oem4 (.text:xdc_runtime_Text_visitRope2__I)
                  20011550    0000004c     driverlib.a : spi.obj (.text:SPIIntEnable)
                  2001159c    0000004c     simplelink.a : driver.obj (.text:_SlDrvProtectAsyncRespSetting)
                  200115e8    0000004c                  : socket.obj (.text:_sl_BuildAddress)
                  20011634    0000004c     rtsv7M4_T_le_eabi.lib : atoi.obj (.text)
                  20011680    0000004c                           : cpy_tbl.obj (.text)
                  200116cc    0000004c     sysbios.aem4 : m3_TaskSupport_asm.obj (.text:ti_sysbios_family_arm_m3_TaskSupport_buildTaskStack)
                  20011718    0000004c                  : BIOS.obj (.text:ti_sysbios_heaps_HeapMem_getStats__E)
                  20011764    00000004     --HOLE-- [fill = 0]
                  20011768    0000004c                  : BIOS.obj (.text:ti_sysbios_knl_Swi_runLoop__I)
                  200117b4    00000004     --HOLE-- [fill = 0]
                  200117b8    0000004c                  : BIOS.obj (.text:ti_sysbios_knl_Task_allBlockedFunction__I)
                  20011804    0000004c     driverlib.a : udma.obj (.text:uDMAChannelAssign)
                  20011850    0000004c                 : udma.obj (.text:uDMAChannelModeGet)
                  2001189c    00000048                 : spi.obj (.text:SPIIntClear)
                  200118e4    00000048     simplelink.a : driver.obj (.text:_SlDrvBasicCmd)
                  2001192c    00000048     rtsv7M4_T_le_eabi.lib : fd_toi_t2.obj (.text)
                  20011974    00000004     --HOLE-- [fill = 0]
                  20011978    00000048     sysbios.aem4 : BIOS.obj (.text:ti_sysbios_family_arm_m3_Hwi_disableInterrupt__E)
                  200119c0    00000048                  : BIOS.obj (.text:ti_sysbios_family_arm_m3_Hwi_enableInterrupt__E)
                  20011a08    00000048                  : BIOS.obj (.text:ti_sysbios_family_arm_m3_Hwi_excReserved__I)
                  20011a50    00000048                  : m3_Hwi_asm_switch.obj (.text:ti_sysbios_family_arm_m3_Hwi_initStacks__E)
                  20011a98    00000048                  : BIOS.obj (.text:ti_sysbios_family_arm_m3_Timer_initDevice__I)
                  20011ae0    00000046     rtsv7M4_T_le_eabi.lib : ldexp.obj (.text)
                  20011b26    00000046     ti.targets.arm.rtsarm.aem4 : Core-params.oem4 (.text:xdc_runtime_Core_assignParams__I)
                  20011b6c    00000044     driverlib.a : spi.obj (.text:SPIDmaMaskGet)
                  20011bb0    00000044                 : timer.obj (.text:TimerConfigure)
                  20011bf4    00000044     boot.aem4 : boot.oem4 (.text)
                  20011c38    00000044     simplelink.a : cc_pal.obj (.text:cc_SetupTransfer)
                  20011c7c    00000044     rtsv7M4_T_le_eabi.lib : exit.obj (.text)
                  20011cc0    00000044     sysbios.aem4 : BIOS.obj (.text:ti_sysbios_family_arm_m3_Hwi_getStackInfo__E)
                  20011d04    00000004     --HOLE-- [fill = 0]
                  20011d08    00000044                  : BIOS.obj (.text:ti_sysbios_knl_Mailbox_postInit__I)
                  20011d4c    00000044     ti.targets.arm.rtsarm.aem4 : Error.oem4 (.text:xdc_runtime_Error_setX__E)
                  20011d90    00000044                                : LoggerBuf.oem4 (.text:xdc_runtime_LoggerBuf_filterOutEvent__I)
                  20011dd4    00000044                                : SysMin.oem4 (.text:xdc_runtime_SysMin_flush__E)
                  20011e18    00000044                                : Text.oem4 (.text:xdc_runtime_Text_xprintf__I)
                  20011e5c    00000042     simplelink.a : socket.obj (.text:sl_Htonl)
                  20011e9e    00000002     --HOLE-- [fill = 0]
                  20011ea0    00000040     driverlib.a : pin.obj (.text:PinModeSet)
                  20011ee0    00000040     simplelink.a : driver.obj (.text:_SlDrvSyncObjWaitTimeout)
                  20011f20    00000040                  : socket.obj (.text:_sl_TruncatePayloadByProtocol)
                  20011f60    00000040     rtsv7M4_T_le_eabi.lib : signal.obj (.text)
                  20011fa0    00000040                           : u_divt2.obj (.text)
                  20011fe0    00000040     sysbios.aem4 : BIOS.obj (.text:ti_sysbios_family_arm_m3_Timer_Module_startup__E)
                  20012020    0000003e     app_pem4.oem4 (.text:realloc)
                  2001205e    0000003c     simplelink.a : netapp.obj (.text:CopyPingResultsToReport)
                  2001209a    00000002     --HOLE-- [fill = 0]
                  2001209c    0000003c     driverlib.a : prcm.obj (.text:PRCMPeripheralClkEnable)
                  200120d8    0000003c     simplelink.a : cc_pal.obj (.text:simplelink_timerA2_start)
                  20012114    0000003c                  : socket.obj (.text:sl_Htons)
                  20012150    0000003c     sysbios.aem4 : BIOS.obj (.text:ti_sysbios_family_arm_m3_Hwi_excSvCall__I)
                  2001218c    00000004     --HOLE-- [fill = 0]
                  20012190    0000003c                  : BIOS.obj (.text:ti_sysbios_heaps_HeapMem_init__I)
                  200121cc    00000004     --HOLE-- [fill = 0]
                  200121d0    0000003c                  : BIOS.obj (.text:ti_sysbios_knl_Swi_startup__E)
                  2001220c    0000003c     driverlib.a : udma.obj (.text:uDMAChannelControlSet)
                  20012248    0000003a     ti.targets.arm.rtsarm.aem4 : LoggerBuf.oem4 (.text:xdc_runtime_LoggerBuf_Instance_init__E)
                  20012282    00000002     --HOLE-- [fill = 0]
                  20012284    00000038     simplelink.a : cc_pal.obj (.text:NwpPowerOff)
                  200122bc    00000038                  : wlan.obj (.text:sl_WlanDisconnect)
                  200122f4    00000004     --HOLE-- [fill = 0]
                  200122f8    00000038     sysbios.aem4 : BIOS.obj (.text:ti_sysbios_family_arm_m3_Hwi_excNoIsr__I)
                  20012330    00000038                  : BIOS.obj (.text:ti_sysbios_knl_Task_processVitalTaskFlag__I)
                  20012368    00000038     ti.targets.arm.rtsarm.aem4 : SysMin.oem4 (.text:xdc_runtime_SysMin_putch__E)
                  200123a0    00000038                                : System.oem4 (.text:xdc_runtime_System_atexit__E)
                  200123d8    00000036     driverlib.a : gpio.obj (.text:GPIODirModeSet)
                  2001240e    00000002     --HOLE-- [fill = 0]
                  20012410    00000034                 : prcm.obj (.text:PRCMPeripheralStatusGet)
                  20012444    00000034                 : spi.obj (.text:SPIFIFOLevelSet)
                  20012478    00000034     rtsv7M4_T_le_eabi.lib : feraiseexcept.obj (.text)
                  200124ac    00000004     --HOLE-- [fill = 0]
                  200124b0    00000034     sysbios.aem4 : BIOS.obj (.text:ti_sysbios_family_arm_m3_Hwi_Instance_finalize__E)
                  200124e4    00000004     --HOLE-- [fill = 0]
                  200124e8    00000034                  : BIOS.obj (.text:ti_sysbios_family_arm_m3_Hwi_excNmi__I)
                  2001251c    00000004     --HOLE-- [fill = 0]
                  20012520    00000034                  : BIOS.obj (.text:ti_sysbios_family_arm_m3_Timer_periodicStub__I)
                  20012554    00000004     --HOLE-- [fill = 0]
                  20012558    00000034                  : BIOS.obj (.text:ti_sysbios_hal_Hwi_checkStack)
                  2001258c    00000034     app_pem4.oem4 (.text:ti_sysbios_knl_Semaphore_create)
                  200125c0    00000034     ti.targets.arm.rtsarm.aem4 : Core-label.oem4 (.text:xdc_runtime_Core_assignLabel__I)
                  200125f4    00000033                                : Text.oem4 (.text:xdc_runtime_Text_printVisFxn__I)
                  20012627    00000001     --HOLE-- [fill = 0]
                  20012628    00000032     sysbios.aem4 : BIOS.obj (.text:ti_sysbios_hal_Hwi_initStack)
                  2001265a    00000006     ti.targets.arm.rtsarm.aem4 : xdc_noinit.oem4 (.text:__xdc__init)
                  20012660    00000032     sysbios.aem4 : BIOS.obj (.text:ti_sysbios_knl_Semaphore_pendTimeout__I)
                  20012692    00000030     driverlib.a : pin.obj (.text:PinTypeGPIO)
                  200126c2    00000002     --HOLE-- [fill = 0]
                  200126c4    00000030                 : uart.obj (.text:UARTDisable)
                  200126f4    00000030     rtsv7M4_T_le_eabi.lib : xferaise.obj (.text)
                  20012724    00000030     app_pem4.oem4 (.text:ti_sysbios_BIOS_atExitFunc__I)
                  20012754    00000004     --HOLE-- [fill = 0]
                  20012758    00000030     sysbios.aem4 : BIOS.obj (.text:ti_sysbios_family_arm_m3_TaskSupport_start__E)
                  20012788    00000030     app_pem4.oem4 (.text:ti_sysbios_gates_GateHwi_Object__create__S)
                  200127b8    00000030     app_pem4.oem4 (.text:ti_sysbios_gates_GateMutex_Object__create__S)
                  200127e8    00000030     app_pem4.oem4 (.text:ti_sysbios_heaps_HeapMem_Object__create__S)
                  20012818    00000030     app_pem4.oem4 (.text:ti_sysbios_knl_Semaphore_construct)
                  20012848    00000030     ti.targets.arm.rtsarm.aem4 : SysMin.oem4 (.text:xdc_runtime_SysMin_abort__E)
                  20012878    00000030                                : System.oem4 (.text:xdc_runtime_System_processAtExit__E)
                  200128a8    0000002e     app_pem4.oem4 (.text:malloc)
                  200128d6    0000002e     rtsv7M4_T_le_eabi.lib : i_tofd_t2.obj (.text)
                  20012904    0000002e                           : raise.obj (.text)
                  20012932    00000002     --HOLE-- [fill = 0]
                  20012934    0000002c     simplelink.a : cc_pal.obj (.text:DmaSpiSwIntHandler)
                  20012960    0000002c                  : cc_pal.obj (.text:NwpPowerOn)
                  2001298c    0000002c     driverlib.a : prcm.obj (.text:PRCMSysResetCauseGet)
                  200129b8    0000002c     app_pem4.oem4 (.text:ti_sysbios_knl_Clock_doTick__I)
                  200129e4    0000002c     app_pem4.oem4 (.text:ti_sysbios_knl_Queue_construct)
                  20012a10    0000002c     sysbios.aem4 : BIOS.obj (.text:ti_sysbios_knl_Task_restore__E)
                  20012a3c    0000002c     ti.targets.arm.rtsarm.aem4 : Text.oem4 (.text:xdc_runtime_Text_cordText__E)
                  20012a68    0000002a     driverlib.a : timer.obj (.text:TimerLoadSet)
                  20012a92    0000002a                 : timer.obj (.text:TimerPrescaleSet)
                  20012abc    0000002a     rtsv7M4_T_le_eabi.lib : xdclass.obj (.text)
                  20012ae6    0000002a     ti.targets.arm.rtsarm.aem4 : System.oem4 (.text:xdc_runtime_System_putchar__I)
                  20012b10    00000028     driverlib.a : prcm.obj (.text:PRCMPeripheralClkDisable)
                  20012b38    00000028     simplelink.a : driver.obj (.text:_SlDrvObjGlobalLockWaitForever)
                  20012b60    00000028                  : driver.obj (.text:_SlDrvProtectionObjLockWaitForever)
                  20012b88    00000028     sysbios.aem4 : BIOS.obj (.text:ti_sysbios_knl_Swi_Module_startup__E)
                  20012bb0    00000028     ti.targets.arm.rtsarm.aem4 : LoggerBuf.oem4 (.text:xdc_runtime_LoggerBuf_Module_startup__E)
                  20012bd8    00000026     simplelink.a : cc_pal.obj (.text:NwpRegisterInterruptHandler)
                  20012bfe    00000026     ti.targets.arm.rtsarm.aem4 : System.oem4 (.text:xdc_runtime_System_avprintf__E)
                  20012c24    00000024     driverlib.a : interrupt.obj (.text:IntUnregister)
                  20012c48    00000024                 : uart.obj (.text:UARTEnable)
                  20012c6c    00000024     simplelink.a : driver.obj (.text:_SlDrvGlobalObjUnLock)
                  20012c90    00000024                  : driver.obj (.text:_SlDrvProtectionObjUnLock)
                  20012cb4    00000024                  : driver.obj (.text:_SlDrvSyncObjWaitForever)
                  20012cd8    00000024     rtsv7M4_T_le_eabi.lib : memmov.obj (.text)
                  20012cfc    00000024     app_pem4.oem4 (.text:ti_sysbios_BIOS_errorRaiseHook__I)
                  20012d20    00000024     app_pem4.oem4 (.text:ti_sysbios_BIOS_registerRTSLock__I)
                  20012d44    00000024     app_pem4.oem4 (.text:ti_sysbios_BIOS_removeRTSLock__I)
                  20012d68    00000024     app_pem4.oem4 (.text:ti_sysbios_BIOS_startFunc__I)
                  20012d8c    00000004     --HOLE-- [fill = 0]
                  20012d90    00000024     sysbios.aem4 : BIOS.obj (.text:ti_sysbios_family_arm_m3_Hwi_doTaskRestore__I)
                  20012db4    00000004     --HOLE-- [fill = 0]
                  20012db8    00000024                  : BIOS.obj (.text:ti_sysbios_family_arm_m3_Timer_startup__E)
                  20012ddc    00000024     app_pem4.oem4 (.text:ti_sysbios_gates_GateMutex_Object__delete__S)
                  20012e00    00000024     sysbios.aem4 : BIOS.obj (.text:ti_sysbios_knl_Clock_Module_startup__E)
                  20012e24    00000024     app_pem4.oem4 (.text:ti_sysbios_knl_Semaphore_Object__delete__S)
                  20012e48    00000024     ti.targets.arm.rtsarm.aem4 : System.oem4 (.text:xdc_runtime_System_vprintf__E)
                  20012e6c    00000022     driverlib.a : gpio.obj (.text:GPIOIntStatus)
                  20012e8e    00000022                 : spi.obj (.text:SPIReset)
                  20012eb0    00000022                 : spi.obj (.text:SPIWordCountSet)
                  20012ed2    00000022     simplelink.a : driver.obj (.text:_SlDrvObjLockWaitForever)
                  20012ef4    00000022     rtsv7M4_T_le_eabi.lib : frexp.obj (.text)
                  20012f16    00000022     app_pem4.oem4 (.text:xdc_runtime_SysMin_output__I)
                  20012f38    00000020     driverlib.a : gpio.obj (.text:GPIOPinWrite)
                  20012f58    00000020     simplelink.a : cc_pal.obj (.text:NwpPrePowerOffTimout0)
                  20012f78    00000020                  : cc_pal.obj (.text:TimerGetCurrentTimestamp)
                  20012f98    00000020     app_pem4.oem4 (.text:ti_sysbios_BIOS_rtsLock__I)
                  20012fb8    00000020     app_pem4.oem4 (.text:ti_sysbios_family_arm_m3_Hwi_Object__delete__S)
                  20012fd8    00000020     sysbios.aem4 : m3_Hwi_asm.obj (.text:ti_sysbios_family_arm_m3_Hwi_excHandlerAsm__I)
                  20012ff8    00000020                  : BIOS.obj (.text:ti_sysbios_family_arm_m3_Hwi_excHandler__I)
                  20013018    00000020                  : BIOS.obj (.text:ti_sysbios_family_arm_m3_TimestampProvider_Module_startup__E)
                  20013038    00000020     app_pem4.oem4 (.text:ti_sysbios_gates_GateHwi_Object__delete__S)
                  20013058    00000020     app_pem4.oem4 (.text:ti_sysbios_heaps_HeapMem_Object__delete__S)
                  20013078    00000020     sysbios.aem4 : BIOS.obj (.text:ti_sysbios_knl_Idle_run__E)
                  20013098    00000020     app_pem4.oem4 (.text:ti_sysbios_knl_Mailbox_Object__delete__S)
                  200130b8    00000020     app_pem4.oem4 (.text:ti_sysbios_knl_Semaphore_Object__destruct__S)
                  200130d8    00000020     app_pem4.oem4 (.text:ti_sysbios_knl_Task_Object__delete__S)
                  200130f8    00000020     app_pem4.oem4 (.text:xdc_runtime_LoggerBuf_Object__delete__S)
                  20013118    00000020     ti.targets.arm.rtsarm.aem4 : LoggerBuf.oem4 (.text:xdc_runtime_LoggerBuf_reset__E)
                  20013138    00000020                                : Registry.oem4 (.text:xdc_runtime_Registry_findById__E)
                  20013158    00000020                                : SysMin.oem4 (.text:xdc_runtime_SysMin_Module_startup__E)
                  20013178    0000001e     driverlib.a : timer.obj (.text:TimerEnable)
                  20013196    0000001e                 : uart.obj (.text:UARTCharPut)
                  200131b4    0000001e                 : uart.obj (.text:UARTIntStatus)
                  200131d2    0000001e     simplelink.a : driver.obj (.text:_SlDrvObjUnLock)
                  200131f0    0000001e                  : driver.obj (.text:_SlDrvSyncObjSignal)
                  2001320e    0000001e                  : cc_pal.obj (.text:cc_UDMAChannelSelect)
                  2001322c    0000001e     sysbios.aem4 : m3_Hwi_asm_switch.obj (.text:ti_sysbios_family_xxx_Hwi_switchAndRunFunc)
                  2001324a    0000001c     driverlib.a : timer.obj (.text:TimerValueGet)
                  20013266    0000001c                 : uart.obj (.text:UARTCharGetNonBlocking)
                  20013282    0000001c                 : uart.obj (.text:UARTFlowControlSet)
                  2001329e    0000001c     simplelink.a : driver.obj (.text:_SlDrvStartMeasureTimeout)
                  200132ba    0000001c     rtsv7M4_T_le_eabi.lib : memccpy.obj (.text)
                  200132d6    00000002     --HOLE-- [fill = 0]
                  200132d8    0000001c     sysbios.aem4 : BIOS.obj (.text:ti_sysbios_family_arm_m3_Hwi_setPriority__E)
                  200132f4    00000004     --HOLE-- [fill = 0]
                  200132f8    0000001c                  : BIOS.obj (.text:ti_sysbios_gates_GateMutex_Instance_init__E)
                  20013314    0000001c     app_pem4.oem4 (.text:ti_sysbios_knl_Queue_Object__destruct__S)
                  20013330    0000001c     sysbios.aem4 : BIOS.obj (.text:ti_sysbios_knl_Task_enter__I)
                  2001334c    0000001c     driverlib.a : udma.obj (.text:uDMAChannelDisable)
                  20013368    0000001c                 : udma.obj (.text:uDMAChannelEnable)
                  20013384    0000001c                 : udma.obj (.text:uDMAChannelRequest)
                  200133a0    0000001c     ti.targets.arm.rtsarm.aem4 : Error.oem4 (.text:xdc_runtime_Error_raiseX__E)
                  200133bc    0000001c                                : Memory.oem4 (.text:xdc_runtime_Memory_valloc__E)
                  200133d8    0000001c                                : SysMin.oem4 (.text:xdc_runtime_SysMin_exit__E)
                  200133f4    0000001c                                : System.oem4 (.text:xdc_runtime_System_abort__E)
                  20013410    0000001a     driverlib.a : gpio.obj (.text:GPIOIntDisable)
                  2001342a    0000001a                 : gpio.obj (.text:GPIOIntEnable)
                  20013444    0000001a                 : pin.obj (.text:PinTypeUART)
                  2001345e    0000001a                 : spi.obj (.text:SPIDmaDisable)
                  20013478    0000001a                 : spi.obj (.text:SPIDmaEnable)
                  20013492    0000001a                 : spi.obj (.text:SPIFIFODisable)
                  200134ac    0000001a                 : spi.obj (.text:SPIFIFOEnable)
                  200134c6    0000001a     app_pem4.oem4 (.text:ti_sysbios_family_arm_m3_Hwi_Handle__label__S)
                  200134e0    0000001a     sysbios.aem4 : m3_Hwi_asm.obj (.text:ti_sysbios_family_arm_m3_Hwi_pendSV__I)
                  200134fa    0000001a     app_pem4.oem4 (.text:ti_sysbios_gates_GateHwi_Handle__label__S)
                  20013514    0000001a     app_pem4.oem4 (.text:ti_sysbios_gates_GateMutex_Handle__label__S)
                  2001352e    0000001a     app_pem4.oem4 (.text:ti_sysbios_heaps_HeapMem_Handle__label__S)
                  20013548    0000001a     app_pem4.oem4 (.text:ti_sysbios_knl_Swi_Handle__label__S)
                  20013562    0000001a     app_pem4.oem4 (.text:ti_sysbios_knl_Task_Handle__label__S)
                  2001357c    00000004     --HOLE-- [fill = 0]
                  20013580    0000001a     sysbios.aem4 : BIOS.obj (.text:ti_sysbios_knl_Task_sleepTimeout__I)
                  2001359a    0000001a     app_pem4.oem4 (.text:xdc_runtime_LoggerBuf_Handle__label__S)
                  200135b4    0000001a     app_pem4.oem4 (.text:xdc_runtime_System_aprintf__E)
                  200135ce    0000001a     app_pem4.oem4 (.text:xdc_runtime_System_printf__E)
                  200135e8    00000018     driverlib.a : gpio.obj (.text:GPIOPinRead)
                  20013600    00000018                 : spi.obj (.text:SPICSDisable)
                  20013618    00000018                 : spi.obj (.text:SPICSEnable)
                  20013630    00000018                 : spi.obj (.text:SPIDisable)
                  20013648    00000018                 : spi.obj (.text:SPIEnable)
                  20013660    00000018                 : timer.obj (.text:TimerIntDisable)
                  20013678    00000018                 : timer.obj (.text:TimerIntEnable)
                  20013690    00000018                 : uart.obj (.text:UARTCharsAvail)
                  200136a8    00000018                 : uart.obj (.text:UARTDMAEnable)
                  200136c0    00000018                 : uart.obj (.text:UARTFIFOLevelSet)
                  200136d8    00000018                 : uart.obj (.text:UARTIntEnable)
                  200136f0    00000018     simplelink.a : device.obj (.text:_sl_GetStartResponseConvert)
                  20013708    00000018     app_pem4.oem4 (.text:free)
                  20013720    00000018     rtsv7M4_T_le_eabi.lib : args_main.obj (.text)
                  20013738    00000018     app_pem4.oem4 (.text:ti_sysbios_BIOS_rtsUnlock__I)
                  20013750    00000018     app_pem4.oem4 (.text:ti_sysbios_family_arm_m3_Hwi_Module__startupDone__F)
                  20013768    00000018     app_pem4.oem4 (.text:ti_sysbios_family_arm_m3_Timer_Module__startupDone__F)
                  20013780    00000018     sysbios.aem4 : BIOS.obj (.text:ti_sysbios_gates_GateMutex_leave__E)
                  20013798    00000018     ti.targets.arm.rtsarm.aem4 : Error.oem4 (.text:xdc_runtime_Error_check__E)
                  200137b0    00000018                                : System.oem4 (.text:xdc_runtime_System_exit__E)
                  200137c8    00000018                                : Text.oem4 (.text:xdc_runtime_Text_ropeText__E)
                  200137e0    00000016     driverlib.a : prcm.obj (.text:PRCMHIBRegRead)
                  200137f6    00000016                 : prcm.obj (.text:PRCMHIBRegWrite)
                  2001380c    00000016     simplelink.a : driver.obj (.text:_SlDrvMemZero)
                  20013822    00000016     rtsv7M4_T_le_eabi.lib : strchr.obj (.text)
                  20013838    00000016     app_pem4.oem4 (.text:ti_sysbios_BIOS_exitFunc__I)
                  2001384e    00000014     driverlib.a : cpu.obj (.text:CPUcpsie)
                  20013862    00000014                 : gpio.obj (.text:GPIOIntClear)
                  20013876    00000002     --HOLE-- [fill = 0]
                  20013878    00000014     rtsv7M4_T_le_eabi.lib : _lock.obj (.text)
                  2001388c    00000014                           : strcpy.obj (.text)
                  200138a0    00000014                           : strlen.obj (.text)
                  200138b4    00000014     app_pem4.oem4 (.text:ti_sysbios_family_arm_m3_Hwi_Object__get__S)
                  200138c8    00000014     sysbios.aem4 : BIOS.obj (.text:ti_sysbios_family_arm_m3_Hwi_switchFromBootStack__E)
                  200138dc    00000014     app_pem4.oem4 (.text:ti_sysbios_heaps_HeapMem_Object__get__S)
                  200138f0    00000014     app_pem4.oem4 (.text:ti_sysbios_knl_Swi_Object__get__S)
                  20013904    00000014     driverlib.a : udma.obj (.text:uDMAControlBaseSet)
                  20013918    00000014                 : udma.obj (.text:uDMAIntClear)
                  2001392c    00000014     app_pem4.oem4 (.text:xdc_runtime_LoggerBuf_Object__get__S)
                  20013940    00000012     driverlib.a : uart.obj (.text:UARTIntClear)
                  20013952    00000006     rtsv7M4_T_le_eabi.lib : copy_decompress_rle.obj (.text:decompress:rle24)
                  20013958    00000012     sysbios.aem4 : BIOS.obj (.text:ti_sysbios_hal_Hwi_Module_startup__E)
                  2001396a    00000006     ti.targets.arm.rtsarm.aem4 : System.oem4 (.text:xdc_runtime_System_Module_startup__E)
                  20013970    00000012     sysbios.aem4 : BIOS.obj (.text:ti_sysbios_hal_Timer_Module_startup__E)
                  20013982    00000012     driverlib.a : udma.obj (.text:uDMAIntUnregister)
                  20013994    00000012     ti.targets.arm.rtsarm.aem4 : LoggerBuf.oem4 (.text:xdc_runtime_LoggerBuf_Instance_finalize__E)
                  200139a6    00000012                                : LoggerBuf.oem4 (.text:xdc_runtime_LoggerBuf_write1__E)
                  200139b8    00000012                                : LoggerBuf.oem4 (.text:xdc_runtime_LoggerBuf_write2__E)
                  200139ca    00000012     app_pem4.oem4 (.text:xdc_runtime_Startup_exec__I)
                  200139dc    00000010     simplelink.a : driver.obj (.text:_SlDrvDispatchHttpServerEvents)
                  200139ec    00000004     --HOLE-- [fill = 0]
                  200139f0    00000010     sysbios.aem4 : BIOS.obj (.text:ti_sysbios_BIOS_exit__E)
                  20013a00    00000010                  : BIOS.obj (.text:ti_sysbios_BIOS_setThreadType__E)
                  20013a10    00000010                  : BIOS.obj (.text:ti_sysbios_BIOS_start__E)
                  20013a20    00000010                  : BIOS.obj (.text:ti_sysbios_family_arm_m3_Hwi_getHandle__E)
                  20013a30    00000010                  : m3_TaskSupport_asm.obj (.text:ti_sysbios_family_arm_m3_TaskSupport_glue)
                  20013a40    00000010                  : m3_TaskSupport_asm.obj (.text:ti_sysbios_family_arm_m3_TaskSupport_swap__E)
                  20013a50    00000010                  : BIOS.obj (.text:ti_sysbios_gates_GateMutex_Instance_finalize__E)
                  20013a60    00000010     app_pem4.oem4 (.text:ti_sysbios_knl_Mailbox_Object__get__S)
                  20013a70    00000010     sysbios.aem4 : BIOS.obj (.text:ti_sysbios_knl_Semaphore_Instance_finalize__E)
                  20013a80    00000010                  : BIOS.obj (.text:ti_sysbios_knl_Swi_disable__E)
                  20013a90    00000010     app_pem4.oem4 (.text:ti_sysbios_knl_Task_Object__get__S)
                  20013aa0    00000010     sysbios.aem4 : BIOS.obj (.text:ti_sysbios_knl_Task_disable__E)
                  20013ab0    00000010     ti.targets.arm.rtsarm.aem4 : Gate.oem4 (.text:xdc_runtime_Gate_leaveSystem__E)
                  20013ac0    00000010                                : LoggerBuf.oem4 (.text:xdc_runtime_LoggerBuf_write0__E)
                  20013ad0    00000010                                : Memory.oem4 (.text:xdc_runtime_Memory_free__E)
                  20013ae0    00000010                                : SysMin.oem4 (.text:xdc_runtime_SysMin_ready__E)
                  20013af0    00000010                                : System.oem4 (.text:xdc_runtime_System_vsnprintf__E)
                  20013b00    00000010     app_pem4.oem4 (.text:xdc_runtime_Text_visitRope__I)
                  20013b10    0000000e     simplelink.a : driver.obj (.text:_SlDrvResetCmdExt)
                  20013b1e    0000000e     rtsv7M4_T_le_eabi.lib : copy_decompress_none.obj (.text:decompress:none)
                  20013b2c    00000004     --HOLE-- [fill = 0]
                  20013b30    0000000e     sysbios.aem4 : BIOS.obj (.text:ti_sysbios_knl_Idle_loop__E)
                  20013b3e    00000002     --HOLE-- [fill = 0]
                  20013b40    0000000e                  : BIOS.obj (.text:ti_sysbios_knl_Queue_empty__E)
                  20013b4e    00000002     --HOLE-- [fill = 0]
                  20013b50    0000000c     simplelink.a : cc_pal.obj (.text:NwpMaskInterrupt)
                  20013b5c    0000000c                  : cc_pal.obj (.text:NwpUnMaskInterrupt)
                  20013b68    0000000c     rtsv7M4_T_le_eabi.lib : copy_zero_init.obj (.text:decompress:ZI)
                  20013b74    0000000c     app_pem4.oem4 (.text:ti_sysbios_family_arm_m3_Hwi_Params__init__S)
                  20013b80    0000000c     sysbios.aem4 : BIOS.obj (.text:ti_sysbios_family_arm_m3_Hwi_disableFxn__E)
                  20013b8c    00000004     --HOLE-- [fill = 0]
                  20013b90    0000000c                  : BIOS.obj (.text:ti_sysbios_family_arm_m3_TaskSupport_checkStack__E)
                  20013b9c    00000004     --HOLE-- [fill = 0]
                  20013ba0    0000000c                  : BIOS.obj (.text:ti_sysbios_family_arm_m3_TaskSupport_getStackAlignment__E)
                  20013bac    00000004     --HOLE-- [fill = 0]
                  20013bb0    0000000c                  : BIOS.obj (.text:ti_sysbios_gates_GateHwi_enter__E)
                  20013bbc    0000000c     app_pem4.oem4 (.text:ti_sysbios_knl_Queue_Object__get__S)
                  20013bc8    0000000c     app_pem4.oem4 (.text:ti_sysbios_knl_Semaphore_Params__init__S)
                  20013bd4    0000000c     app_pem4.oem4 (.text:ti_sysbios_knl_Task_Params__init__S)
                  20013be0    0000000c     driverlib.a : udma.obj (.text:uDMADisable)
                  20013bec    0000000c                 : udma.obj (.text:uDMAEnable)
                  20013bf8    0000000c                 : udma.obj (.text:uDMAIntStatus)
                  20013c04    0000000c     ti.targets.arm.rtsarm.aem4 : Error.oem4 (.text:xdc_runtime_Error_init__E)
                  20013c10    0000000c                                : Gate.oem4 (.text:xdc_runtime_Gate_enterSystem__E)
                  20013c1c    0000000c                                : Memory.oem4 (.text:xdc_runtime_Memory_calloc__E)
                  20013c28    0000000c                                : Memory.oem4 (.text:xdc_runtime_Memory_getMaxDefaultTypeAlign__E)
                  20013c34    0000000a     driverlib.a : interrupt.obj (.text:IntMasterEnable)
                  20013c3e    0000000a     app_pem4.oem4 (.text:xdc_runtime_IHeap_alloc)
                  20013c48    0000000a     app_pem4.oem4 (.text:xdc_runtime_IHeap_free)
                  20013c52    0000000a     ti.targets.arm.rtsarm.aem4 : LoggerBuf.oem4 (.text:xdc_runtime_LoggerBuf_disable__E)
                  20013c5c    0000000a                                : LoggerBuf.oem4 (.text:xdc_runtime_LoggerBuf_enable__E)
                  20013c66    00000002     --HOLE-- [fill = 0]
                  20013c68    00000008     sysbios.aem4 : BIOS.obj (.text:ti_sysbios_family_arm_m3_Hwi_doSwiRestore__I)
                  20013c70    00000008                  : BIOS.obj (.text:ti_sysbios_family_arm_m3_Hwi_startup__E)
                  20013c78    00000006                  : BIOS.obj (.text:ti_sysbios_family_arm_m3_Hwi_restoreFxn__E)
                  20013c7e    00000002     --HOLE-- [fill = 0]
                  20013c80    00000006                  : BIOS.obj (.text:ti_sysbios_gates_GateHwi_leave__E)
                  20013c86    00000002     --HOLE-- [fill = 0]
                  20013c88    00000006                  : BIOS.obj (.text:ti_sysbios_heaps_HeapMem_isBlocking__E)
                  20013c8e    00000002     --HOLE-- [fill = 0]
                  20013c90    00000006                  : BIOS.obj (.text:ti_sysbios_knl_Queue_Instance_init__E)
                  20013c96    00000002     --HOLE-- [fill = 0]
                  20013c98    00000004                  : BIOS.obj (.text:ti_sysbios_family_arm_m3_Timer_getMaxTicks__E)
                  20013c9c    00000004     --HOLE-- [fill = 0]
                  20013ca0    00000004                  : BIOS.obj (.text:ti_sysbios_gates_GateHwi_query__E)
                  20013ca4    00000004     --HOLE-- [fill = 0]
                  20013ca8    00000004                  : BIOS.obj (.text:ti_sysbios_gates_GateMutex_query__E)
                  20013cac    00000004     --HOLE-- [fill = 0]
                  20013cb0    00000004                  : BIOS.obj (.text:ti_sysbios_knl_Task_startup__E)
                  20013cb4    00000004     --HOLE-- [fill = 0]
                  20013cb8    00000002                  : BIOS.obj (.text:ti_sysbios_gates_GateHwi_Instance_init__E)

.const     0    20013cbc    000025d1     
                  20013cbc    000018cb     app_pem4.oem4 (.const:xdc_runtime_Text_charTab__A)
                  20015587    00000101     rtsv7M4_T_le_eabi.lib : ctype.obj (.const:.string:_ctypes_)
                  20015688    00000100     driverlib.a : pin.obj (.const:g_ulPinToPadMap)
                  20015788    000000b8     app_pem4.oem4 (.const:xdc_runtime_Text_nodeTab__A)
                  20015840    000000a8     driverlib.a : prcm.obj (.const:PRCM_PeriphRegsList)
                  200158e8    0000008c     main.obj (.const:.string)
                  20015974    00000080     driverlib.a : interrupt.obj (.const)
                  200159f4    00000048     app_pem4.oem4 (.const:.string)
                  20015a3c    00000044     simplelink.a : driver.obj (.const)
                  20015a80    0000003c                  : driver.obj (.const:OpcodeTranslateTable)
                  20015abc    0000003c                  : wlan.obj (.const)
                  20015af8    0000003c     app_pem4.oem4 (.const:ti_sysbios_knl_Task_Object__PARAMS__C)
                  20015b34    0000003c     app_pem4.oem4 (.const:xdc_runtime_LoggerBuf_Module__FXNS__C)
                  20015b70    00000038     simplelink.a : driver.obj (.const:_SlActionLookupTable)
                  20015ba8    00000034                  : socket.obj (.const)
                  20015bdc    00000034     app_pem4.oem4 (.const:ti_sysbios_knl_Mailbox_Object__PARAMS__C)
                  20015c10    00000030     app_pem4.oem4 (.const:ti_sysbios_family_arm_m3_Hwi_Object__PARAMS__C)
                  20015c40    00000030     app_pem4.oem4 (.const:xdc_runtime_Startup_sfxnTab__A)
                  20015c70    0000002c     main.obj (.const:$P$T1$2)
                  20015c9c    00000028     simplelink.a : netapp.obj (.const)
                  20015cc4    00000028     app_pem4.oem4 (.const:ti_sysbios_heaps_HeapMem_Module__FXNS__C)
                  20015cec    00000024     main.obj (.const)
                  20015d10    00000024     app_pem4.oem4 (.const:ti_sysbios_gates_GateHwi_Module__FXNS__C)
                  20015d34    00000024     app_pem4.oem4 (.const:ti_sysbios_gates_GateMutex_Module__FXNS__C)
                  20015d58    00000024     app_pem4.oem4 (.const:ti_sysbios_heaps_HeapMem_Object__PARAMS__C)
                  20015d7c    00000024     app_pem4.oem4 (.const:ti_sysbios_knl_Semaphore_Object__PARAMS__C)
                  20015da0    00000024     app_pem4.oem4 (.const:xdc_runtime_LoggerBuf_Object__PARAMS__C)
                  20015dc4    00000022     main.obj (.const:.string:$P$T0$1)
                  20015de6    00000002     app_pem4.oem4 (.const:ti_sysbios_family_arm_m3_Hwi_Module__id__C)
                  20015de8    00000020     app_pem4.oem4 (.const:ti_sysbios_family_arm_m3_Hwi_Object__DESC__C)
                  20015e08    00000020     app_pem4.oem4 (.const:ti_sysbios_gates_GateHwi_Object__DESC__C)
                  20015e28    00000020     app_pem4.oem4 (.const:ti_sysbios_gates_GateMutex_Object__DESC__C)
                  20015e48    00000020     app_pem4.oem4 (.const:ti_sysbios_heaps_HeapMem_Object__DESC__C)
                  20015e68    00000020     app_pem4.oem4 (.const:ti_sysbios_knl_Mailbox_Object__DESC__C)
                  20015e88    00000020     app_pem4.oem4 (.const:ti_sysbios_knl_Queue_Object__DESC__C)
                  20015ea8    00000020     app_pem4.oem4 (.const:ti_sysbios_knl_Semaphore_Object__DESC__C)
                  20015ec8    00000020     app_pem4.oem4 (.const:ti_sysbios_knl_Task_Object__DESC__C)
                  20015ee8    00000020     app_pem4.oem4 (.const:xdc_runtime_LoggerBuf_Object__DESC__C)
                  20015f08    0000001c     simplelink.a : device.obj (.const)
                  20015f24    00000018     driverlib.a : spi.obj (.const)
                  20015f3c    00000018     app_pem4.oem4 (.const:ti_sysbios_gates_GateHwi_Object__PARAMS__C)
                  20015f54    00000018     app_pem4.oem4 (.const:ti_sysbios_gates_GateMutex_Object__PARAMS__C)
                  20015f6c    00000018     app_pem4.oem4 (.const:ti_sysbios_knl_Queue_Object__PARAMS__C)
                  20015f84    00000018     app_pem4.oem4 (.const:xdc_runtime_Startup_sfxnRts__A)
                  20015f9c    00000010     simplelink.a : socket.obj (.const:.string)
                  20015fac    0000000c     app_pem4.oem4 (.const:xdc_runtime_Startup_firstFxns__A)
                  20015fb8    00000008     simplelink.a : netcfg.obj (.const)
                  20015fc0    00000008     app_pem4.oem4 (.const:ti_sysbios_family_arm_m3_Hwi_excHookFuncs__A)
                  20015fc8    00000008     app_pem4.oem4 (.const:ti_sysbios_knl_Idle_funcList__C)
                  20015fd0    00000008     app_pem4.oem4 (.const:xdc_runtime_Startup_firstFxns__C)
                  20015fd8    00000008     app_pem4.oem4 (.const:xdc_runtime_Startup_lastFxns__C)
                  20015fe0    00000004     app_pem4.oem4 (.const:ti_sysbios_family_arm_m3_Hwi_E_NMI__C)
                  20015fe4    00000004     app_pem4.oem4 (.const:ti_sysbios_family_arm_m3_Hwi_E_alreadyDefined__C)
                  20015fe8    00000004     app_pem4.oem4 (.const:ti_sysbios_family_arm_m3_Hwi_E_busFault__C)
                  20015fec    00000004     app_pem4.oem4 (.const:ti_sysbios_family_arm_m3_Hwi_E_debugMon__C)
                  20015ff0    00000004     app_pem4.oem4 (.const:ti_sysbios_family_arm_m3_Hwi_E_hardFault__C)
                  20015ff4    00000004     app_pem4.oem4 (.const:ti_sysbios_family_arm_m3_Hwi_E_memFault__C)
                  20015ff8    00000004     app_pem4.oem4 (.const:ti_sysbios_family_arm_m3_Hwi_E_noIsr__C)
                  20015ffc    00000004     app_pem4.oem4 (.const:ti_sysbios_family_arm_m3_Hwi_E_reserved__C)
                  20016000    00000004     app_pem4.oem4 (.const:ti_sysbios_family_arm_m3_Hwi_E_svCall__C)
                  20016004    00000004     app_pem4.oem4 (.const:ti_sysbios_family_arm_m3_Hwi_E_usageFault__C)
                  20016008    00000004     app_pem4.oem4 (.const:ti_sysbios_family_arm_m3_Hwi_LD_end__C)
                  2001600c    00000004     app_pem4.oem4 (.const:ti_sysbios_family_arm_m3_Hwi_LM_begin__C)
                  20016010    00000004     app_pem4.oem4 (.const:ti_sysbios_family_arm_m3_Hwi_Module__diagsEnabled__C)
                  20016014    00000004     app_pem4.oem4 (.const:ti_sysbios_family_arm_m3_Hwi_Module__diagsIncluded__C)
                  20016018    00000004     app_pem4.oem4 (.const:ti_sysbios_family_arm_m3_Hwi_Module__diagsMask__C)
                  2001601c    00000004     app_pem4.oem4 (.const:ti_sysbios_family_arm_m3_Hwi_Module__loggerFxn1__C)
                  20016020    00000004     app_pem4.oem4 (.const:ti_sysbios_family_arm_m3_Hwi_Module__loggerFxn8__C)
                  20016024    00000004     app_pem4.oem4 (.const:ti_sysbios_family_arm_m3_Hwi_Module__loggerObj__C)
                  20016028    00000004     app_pem4.oem4 (.const:ti_sysbios_family_arm_m3_Hwi_NUM_INTERRUPTS__C)
                  2001602c    00000004     app_pem4.oem4 (.const:ti_sysbios_family_arm_m3_Hwi_Object__count__C)
                  20016030    00000004     app_pem4.oem4 (.const:ti_sysbios_family_arm_m3_Hwi_ccr__C)
                  20016034    00000004     app_pem4.oem4 (.const:ti_sysbios_family_arm_m3_Hwi_excHandlerFunc__C)
                  20016038    00000004     app_pem4.oem4 (.const:ti_sysbios_family_arm_m3_Hwi_excHookFuncs__C)
                  2001603c    00000004     app_pem4.oem4 (.const:ti_sysbios_family_arm_m3_Hwi_nullIsrFunc__C)
                  20016040    00000004     app_pem4.oem4 (.const:ti_sysbios_family_arm_m3_Hwi_priGroup__C)
                  20016044    00000004     app_pem4.oem4 (.const:ti_sysbios_family_arm_m3_TaskSupport_stackAlignment__C)
                  20016048    00000004     app_pem4.oem4 (.const:ti_sysbios_family_arm_m3_Timer_E_cannotSupport__C)
                  2001604c    00000004     app_pem4.oem4 (.const:ti_sysbios_family_arm_m3_Timer_startupNeeded__C)
                  20016050    00000004     app_pem4.oem4 (.const:ti_sysbios_gates_GateMutex_A_badContext__C)
                  20016054    00000004     app_pem4.oem4 (.const:ti_sysbios_gates_GateMutex_Instance_State_sem__O)
                  20016058    00000004     app_pem4.oem4 (.const:ti_sysbios_gates_GateMutex_Module__diagsEnabled__C)
                  2001605c    00000004     app_pem4.oem4 (.const:ti_sysbios_gates_GateMutex_Module__diagsIncluded__C)
                  20016060    00000004     app_pem4.oem4 (.const:ti_sysbios_gates_GateMutex_Module__diagsMask__C)
                  20016064    00000004     app_pem4.oem4 (.const:ti_sysbios_hal_Hwi_E_stackOverflow__C)
                  20016068    00000004     app_pem4.oem4 (.const:ti_sysbios_heaps_HeapMem_A_align__C)
                  2001606c    00000004     app_pem4.oem4 (.const:ti_sysbios_heaps_HeapMem_A_heapSize__C)
                  20016070    00000004     app_pem4.oem4 (.const:ti_sysbios_heaps_HeapMem_A_invalidFree__C)
                  20016074    00000004     app_pem4.oem4 (.const:ti_sysbios_heaps_HeapMem_A_zeroBlock__C)
                  20016078    00000004     app_pem4.oem4 (.const:ti_sysbios_heaps_HeapMem_E_memory__C)
                  2001607c    00000004     app_pem4.oem4 (.const:ti_sysbios_heaps_HeapMem_Module__diagsEnabled__C)
                  20016080    00000004     app_pem4.oem4 (.const:ti_sysbios_heaps_HeapMem_Module__diagsIncluded__C)
                  20016084    00000004     app_pem4.oem4 (.const:ti_sysbios_heaps_HeapMem_Module__diagsMask__C)
                  20016088    00000004     app_pem4.oem4 (.const:ti_sysbios_heaps_HeapMem_Module__gateObj__C)
                  2001608c    00000004     app_pem4.oem4 (.const:ti_sysbios_heaps_HeapMem_Object__count__C)
                  20016090    00000004     app_pem4.oem4 (.const:ti_sysbios_heaps_HeapMem_reqAlign__C)
                  20016094    00000004     app_pem4.oem4 (.const:ti_sysbios_knl_Clock_LM_begin__C)
                  20016098    00000004     app_pem4.oem4 (.const:ti_sysbios_knl_Clock_LM_tick__C)
                  2001609c    00000004     app_pem4.oem4 (.const:ti_sysbios_knl_Clock_LW_delayed__C)
                  200160a0    00000004     app_pem4.oem4 (.const:ti_sysbios_knl_Clock_Module_State_clockQ__O)
                  200160a4    00000004     app_pem4.oem4 (.const:ti_sysbios_knl_Clock_Module__diagsEnabled__C)
                  200160a8    00000004     app_pem4.oem4 (.const:ti_sysbios_knl_Clock_Module__diagsIncluded__C)
                  200160ac    00000004     app_pem4.oem4 (.const:ti_sysbios_knl_Clock_Module__diagsMask__C)
                  200160b0    00000004     app_pem4.oem4 (.const:ti_sysbios_knl_Clock_Module__loggerFxn1__C)
                  200160b4    00000004     app_pem4.oem4 (.const:ti_sysbios_knl_Clock_Module__loggerFxn2__C)
                  200160b8    00000004     app_pem4.oem4 (.const:ti_sysbios_knl_Clock_Module__loggerObj__C)
                  200160bc    00000004     app_pem4.oem4 (.const:ti_sysbios_knl_Clock_tickPeriod__C)
                  200160c0    00000004     app_pem4.oem4 (.const:ti_sysbios_knl_Idle_funcList__A)
                  200160c4    00000004     app_pem4.oem4 (.const:ti_sysbios_knl_Mailbox_A_invalidBufSize__C)
                  200160c8    00000004     app_pem4.oem4 (.const:ti_sysbios_knl_Mailbox_Instance_State_dataQue__O)
                  200160cc    00000004     app_pem4.oem4 (.const:ti_sysbios_knl_Mailbox_Instance_State_dataSem__O)
                  200160d0    00000004     app_pem4.oem4 (.const:ti_sysbios_knl_Mailbox_Instance_State_freeQue__O)
                  200160d4    00000004     app_pem4.oem4 (.const:ti_sysbios_knl_Mailbox_Instance_State_freeSem__O)
                  200160d8    00000004     app_pem4.oem4 (.const:ti_sysbios_knl_Mailbox_Module__diagsEnabled__C)
                  200160dc    00000004     app_pem4.oem4 (.const:ti_sysbios_knl_Mailbox_Module__diagsIncluded__C)
                  200160e0    00000004     app_pem4.oem4 (.const:ti_sysbios_knl_Mailbox_Module__diagsMask__C)
                  200160e4    00000004     app_pem4.oem4 (.const:ti_sysbios_knl_Mailbox_Object__count__C)
                  200160e8    00000004     app_pem4.oem4 (.const:ti_sysbios_knl_Mailbox_maxTypeAlign__C)
                  200160ec    00000004     app_pem4.oem4 (.const:ti_sysbios_knl_Semaphore_A_badContext__C)
                  200160f0    00000004     app_pem4.oem4 (.const:ti_sysbios_knl_Semaphore_A_noEvents__C)
                  200160f4    00000004     app_pem4.oem4 (.const:ti_sysbios_knl_Semaphore_A_overflow__C)
                  200160f8    00000004     app_pem4.oem4 (.const:ti_sysbios_knl_Semaphore_A_pendTaskDisabled__C)
                  200160fc    00000004     app_pem4.oem4 (.const:ti_sysbios_knl_Semaphore_Instance_State_pendQ__O)
                  20016100    00000004     app_pem4.oem4 (.const:ti_sysbios_knl_Semaphore_LM_pend__C)
                  20016104    00000004     app_pem4.oem4 (.const:ti_sysbios_knl_Semaphore_LM_post__C)
                  20016108    00000004     app_pem4.oem4 (.const:ti_sysbios_knl_Semaphore_Module__diagsEnabled__C)
                  2001610c    00000004     app_pem4.oem4 (.const:ti_sysbios_knl_Semaphore_Module__diagsIncluded__C)
                  20016110    00000004     app_pem4.oem4 (.const:ti_sysbios_knl_Semaphore_Module__diagsMask__C)
                  20016114    00000004     app_pem4.oem4 (.const:ti_sysbios_knl_Semaphore_Module__loggerFxn2__C)
                  20016118    00000004     app_pem4.oem4 (.const:ti_sysbios_knl_Semaphore_Module__loggerFxn4__C)
                  2001611c    00000004     app_pem4.oem4 (.const:ti_sysbios_knl_Semaphore_Module__loggerObj__C)
                  20016120    00000004     app_pem4.oem4 (.const:ti_sysbios_knl_Swi_LD_end__C)
                  20016124    00000004     app_pem4.oem4 (.const:ti_sysbios_knl_Swi_LM_begin__C)
                  20016128    00000004     app_pem4.oem4 (.const:ti_sysbios_knl_Swi_LM_post__C)
                  2001612c    00000004     app_pem4.oem4 (.const:ti_sysbios_knl_Swi_Module__diagsEnabled__C)
                  20016130    00000004     app_pem4.oem4 (.const:ti_sysbios_knl_Swi_Module__diagsIncluded__C)
                  20016134    00000004     app_pem4.oem4 (.const:ti_sysbios_knl_Swi_Module__diagsMask__C)
                  20016138    00000004     app_pem4.oem4 (.const:ti_sysbios_knl_Swi_Module__loggerFxn1__C)
                  2001613c    00000004     app_pem4.oem4 (.const:ti_sysbios_knl_Swi_Module__loggerFxn4__C)
                  20016140    00000004     app_pem4.oem4 (.const:ti_sysbios_knl_Swi_Module__loggerObj__C)
                  20016144    00000004     app_pem4.oem4 (.const:ti_sysbios_knl_Swi_Object__count__C)
                  20016148    00000004     app_pem4.oem4 (.const:ti_sysbios_knl_Task_A_badPriority__C)
                  2001614c    00000004     app_pem4.oem4 (.const:ti_sysbios_knl_Task_A_badTaskState__C)
                  20016150    00000004     app_pem4.oem4 (.const:ti_sysbios_knl_Task_A_badThreadType__C)
                  20016154    00000004     app_pem4.oem4 (.const:ti_sysbios_knl_Task_A_badTimeout__C)
                  20016158    00000004     app_pem4.oem4 (.const:ti_sysbios_knl_Task_A_noPendElem__C)
                  2001615c    00000004     app_pem4.oem4 (.const:ti_sysbios_knl_Task_A_sleepTaskDisabled__C)
                  20016160    00000004     app_pem4.oem4 (.const:ti_sysbios_knl_Task_E_spOutOfBounds__C)
                  20016164    00000004     app_pem4.oem4 (.const:ti_sysbios_knl_Task_E_stackOverflow__C)
                  20016168    00000004     app_pem4.oem4 (.const:ti_sysbios_knl_Task_LD_block__C)
                  2001616c    00000004     app_pem4.oem4 (.const:ti_sysbios_knl_Task_LD_exit__C)
                  20016170    00000004     app_pem4.oem4 (.const:ti_sysbios_knl_Task_LD_ready__C)
                  20016174    00000004     app_pem4.oem4 (.const:ti_sysbios_knl_Task_LM_setPri__C)
                  20016178    00000004     app_pem4.oem4 (.const:ti_sysbios_knl_Task_LM_sleep__C)
                  2001617c    00000004     app_pem4.oem4 (.const:ti_sysbios_knl_Task_LM_switch__C)
                  20016180    00000004     app_pem4.oem4 (.const:ti_sysbios_knl_Task_LM_yield__C)
                  20016184    00000004     app_pem4.oem4 (.const:ti_sysbios_knl_Task_Module_State_inactiveQ__O)
                  20016188    00000004     app_pem4.oem4 (.const:ti_sysbios_knl_Task_Module__diagsEnabled__C)
                  2001618c    00000004     app_pem4.oem4 (.const:ti_sysbios_knl_Task_Module__diagsIncluded__C)
                  20016190    00000004     app_pem4.oem4 (.const:ti_sysbios_knl_Task_Module__diagsMask__C)
                  20016194    00000004     app_pem4.oem4 (.const:ti_sysbios_knl_Task_Module__loggerFxn2__C)
                  20016198    00000004     app_pem4.oem4 (.const:ti_sysbios_knl_Task_Module__loggerFxn4__C)
                  2001619c    00000004     app_pem4.oem4 (.const:ti_sysbios_knl_Task_Module__loggerObj__C)
                  200161a0    00000004     app_pem4.oem4 (.const:ti_sysbios_knl_Task_Object__count__C)
                  200161a4    00000004     app_pem4.oem4 (.const:ti_sysbios_knl_Task_allBlockedFunc__C)
                  200161a8    00000004     app_pem4.oem4 (.const:ti_sysbios_knl_Task_defaultStackHeap__C)
                  200161ac    00000004     app_pem4.oem4 (.const:ti_sysbios_knl_Task_defaultStackSize__C)
                  200161b0    00000004     app_pem4.oem4 (.const:ti_sysbios_knl_Task_numConstructedTasks__C)
                  200161b4    00000004     app_pem4.oem4 (.const:xdc_runtime_Assert_E_assertFailed__C)
                  200161b8    00000004     app_pem4.oem4 (.const:xdc_runtime_Core_A_initializedParams__C)
                  200161bc    00000004     app_pem4.oem4 (.const:xdc_runtime_Core_Module__diagsEnabled__C)
                  200161c0    00000004     app_pem4.oem4 (.const:xdc_runtime_Core_Module__diagsIncluded__C)
                  200161c4    00000004     app_pem4.oem4 (.const:xdc_runtime_Core_Module__diagsMask__C)
                  200161c8    00000004     app_pem4.oem4 (.const:xdc_runtime_Error_E_memory__C)
                  200161cc    00000004     app_pem4.oem4 (.const:xdc_runtime_Error_Module__diagsEnabled__C)
                  200161d0    00000004     app_pem4.oem4 (.const:xdc_runtime_Error_Module__diagsIncluded__C)
                  200161d4    00000004     app_pem4.oem4 (.const:xdc_runtime_Error_Module__diagsMask__C)
                  200161d8    00000004     app_pem4.oem4 (.const:xdc_runtime_Error_Module__loggerFxn8__C)
                  200161dc    00000004     app_pem4.oem4 (.const:xdc_runtime_Error_Module__loggerObj__C)
                  200161e0    00000004     app_pem4.oem4 (.const:xdc_runtime_Error_policyFxn__C)
                  200161e4    00000004     app_pem4.oem4 (.const:xdc_runtime_Error_raiseHook__C)
                  200161e8    00000004     app_pem4.oem4 (.const:xdc_runtime_IFilterLogger_Interface__BASE__C)
                  200161ec    00000004     app_pem4.oem4 (.const:xdc_runtime_IGateProvider_Interface__BASE__C)
                  200161f0    00000004     app_pem4.oem4 (.const:xdc_runtime_IHeap_Interface__BASE__C)
                  200161f4    00000004     app_pem4.oem4 (.const:xdc_runtime_ILogger_Interface__BASE__C)
                  200161f8    00000004     app_pem4.oem4 (.const:xdc_runtime_IModule_Interface__BASE__C)
                  200161fc    00000004     app_pem4.oem4 (.const:xdc_runtime_Log_L_error__C)
                  20016200    00000004     app_pem4.oem4 (.const:xdc_runtime_LoggerBuf_E_badLevel__C)
                  20016204    00000004     app_pem4.oem4 (.const:xdc_runtime_LoggerBuf_Module__gateObj__C)
                  20016208    00000004     app_pem4.oem4 (.const:xdc_runtime_LoggerBuf_Object__count__C)
                  2001620c    00000004     app_pem4.oem4 (.const:xdc_runtime_LoggerBuf_statusLogger__C)
                  20016210    00000004     app_pem4.oem4 (.const:xdc_runtime_Memory_defaultHeapInstance__C)
                  20016214    00000004     app_pem4.oem4 (.const:xdc_runtime_Startup_execImpl__C)
                  20016218    00000004     app_pem4.oem4 (.const:xdc_runtime_Startup_maxPasses__C)
                  2001621c    00000004     app_pem4.oem4 (.const:xdc_runtime_Startup_sfxnRts__C)
                  20016220    00000004     app_pem4.oem4 (.const:xdc_runtime_Startup_sfxnTab__C)
                  20016224    00000004     app_pem4.oem4 (.const:xdc_runtime_SysMin_bufSize__C)
                  20016228    00000004     app_pem4.oem4 (.const:xdc_runtime_SysMin_outputFunc__C)
                  2001622c    00000004     app_pem4.oem4 (.const:xdc_runtime_System_Module__gateObj__C)
                  20016230    00000004     app_pem4.oem4 (.const:xdc_runtime_System_abortFxn__C)
                  20016234    00000004     app_pem4.oem4 (.const:xdc_runtime_System_exitFxn__C)
                  20016238    00000004     app_pem4.oem4 (.const:xdc_runtime_System_extendFxn__C)
                  2001623c    00000004     app_pem4.oem4 (.const:xdc_runtime_System_maxAtexitHandlers__C)
                  20016240    00000004     app_pem4.oem4 (.const:xdc_runtime_Text_charTab__C)
                  20016244    00000004     app_pem4.oem4 (.const:xdc_runtime_Text_nameEmpty__C)
                  20016248    00000004     app_pem4.oem4 (.const:xdc_runtime_Text_nameStatic__C)
                  2001624c    00000004     app_pem4.oem4 (.const:xdc_runtime_Text_nameUnknown__C)
                  20016250    00000004     app_pem4.oem4 (.const:xdc_runtime_Text_nodeTab__C)
                  20016254    00000004     app_pem4.oem4 (.const:xdc_runtime_Text_visitRopeFxn__C)
                  20016258    00000002     app_pem4.oem4 (.const:ti_sysbios_family_arm_m3_Hwi_Module__loggerDefined__C)
                  2001625a    00000002     app_pem4.oem4 (.const:ti_sysbios_family_arm_m3_Timer_Module__id__C)
                  2001625c    00000002     app_pem4.oem4 (.const:ti_sysbios_family_arm_m3_TimestampProvider_configTimer__C)
                  2001625e    00000002     app_pem4.oem4 (.const:ti_sysbios_gates_GateMutex_Module__id__C)
                  20016260    00000002     app_pem4.oem4 (.const:ti_sysbios_hal_Hwi_Module__id__C)
                  20016262    00000002     app_pem4.oem4 (.const:ti_sysbios_heaps_HeapMem_Module__id__C)
                  20016264    00000002     app_pem4.oem4 (.const:ti_sysbios_knl_Clock_Module__id__C)
                  20016266    00000002     app_pem4.oem4 (.const:ti_sysbios_knl_Clock_Module__loggerDefined__C)
                  20016268    00000002     app_pem4.oem4 (.const:ti_sysbios_knl_Mailbox_Module__id__C)
                  2001626a    00000002     app_pem4.oem4 (.const:ti_sysbios_knl_Semaphore_Module__id__C)
                  2001626c    00000002     app_pem4.oem4 (.const:ti_sysbios_knl_Semaphore_Module__loggerDefined__C)
                  2001626e    00000002     app_pem4.oem4 (.const:ti_sysbios_knl_Swi_Module__id__C)
                  20016270    00000002     app_pem4.oem4 (.const:ti_sysbios_knl_Swi_Module__loggerDefined__C)
                  20016272    00000002     app_pem4.oem4 (.const:ti_sysbios_knl_Task_Module__id__C)
                  20016274    00000002     app_pem4.oem4 (.const:ti_sysbios_knl_Task_Module__loggerDefined__C)
                  20016276    00000002     app_pem4.oem4 (.const:xdc_runtime_Core_Module__id__C)
                  20016278    00000002     app_pem4.oem4 (.const:xdc_runtime_Error_Module__loggerDefined__C)
                  2001627a    00000002     app_pem4.oem4 (.const:xdc_runtime_Error_maxDepth__C)
                  2001627c    00000002     app_pem4.oem4 (.const:xdc_runtime_LoggerBuf_Module__id__C)
                  2001627e    00000002     app_pem4.oem4 (.const:xdc_runtime_LoggerBuf_filterByLevel__C)
                  20016280    00000002     app_pem4.oem4 (.const:xdc_runtime_Memory_Module__id__C)
                  20016282    00000002     app_pem4.oem4 (.const:xdc_runtime_SysMin_flushAtExit__C)
                  20016284    00000002     app_pem4.oem4 (.const:xdc_runtime_Text_charCnt__C)
                  20016286    00000002     app_pem4.oem4 (.const:xdc_runtime_Text_isLoaded__C)
                  20016288    00000002     app_pem4.oem4 (.const:xdc_runtime_Text_registryModsLastId__C)
[...]
20016064  ti_sysbios_hal_Hwi_E_stackOverflow__C                       
20016068  ti_sysbios_heaps_HeapMem_A_align__C                         
2001606c  ti_sysbios_heaps_HeapMem_A_heapSize__C                      
20016070  ti_sysbios_heaps_HeapMem_A_invalidFree__C                   
20016074  ti_sysbios_heaps_HeapMem_A_zeroBlock__C                     
20016078  ti_sysbios_heaps_HeapMem_E_memory__C                        
2001607c  ti_sysbios_heaps_HeapMem_Module__diagsEnabled__C            
20016080  ti_sysbios_heaps_HeapMem_Module__diagsIncluded__C           
20016084  ti_sysbios_heaps_HeapMem_Module__diagsMask__C               
20016088  ti_sysbios_heaps_HeapMem_Module__gateObj__C                 
2001608c  ti_sysbios_heaps_HeapMem_Object__count__C                   
20016090  ti_sysbios_heaps_HeapMem_reqAlign__C                        
20016094  ti_sysbios_knl_Clock_LM_begin__C                            
20016098  ti_sysbios_knl_Clock_LM_tick__C                             
2001609c  ti_sysbios_knl_Clock_LW_delayed__C                          
200160a0  ti_sysbios_knl_Clock_Module_State_clockQ__O                 
200160a4  ti_sysbios_knl_Clock_Module__diagsEnabled__C                
200160a8  ti_sysbios_knl_Clock_Module__diagsIncluded__C               
200160ac  ti_sysbios_knl_Clock_Module__diagsMask__C                   
200160b0  ti_sysbios_knl_Clock_Module__loggerFxn1__C                  
200160b4  ti_sysbios_knl_Clock_Module__loggerFxn2__C                  
200160b8  ti_sysbios_knl_Clock_Module__loggerObj__C                   
200160bc  ti_sysbios_knl_Clock_tickPeriod__C                          
200160c0  ti_sysbios_knl_Idle_funcList__A                             
200160c4  ti_sysbios_knl_Mailbox_A_invalidBufSize__C                  
200160c8  ti_sysbios_knl_Mailbox_Instance_State_dataQue__O            
200160cc  ti_sysbios_knl_Mailbox_Instance_State_dataSem__O            
200160d0  ti_sysbios_knl_Mailbox_Instance_State_freeQue__O            
200160d4  ti_sysbios_knl_Mailbox_Instance_State_freeSem__O            
200160d8  ti_sysbios_knl_Mailbox_Module__diagsEnabled__C              
200160dc  ti_sysbios_knl_Mailbox_Module__diagsIncluded__C             
200160e0  ti_sysbios_knl_Mailbox_Module__diagsMask__C                 
200160e4  ti_sysbios_knl_Mailbox_Object__count__C                     
200160e8  ti_sysbios_knl_Mailbox_maxTypeAlign__C                      
200160ec  ti_sysbios_knl_Semaphore_A_badContext__C                    
200160f0  ti_sysbios_knl_Semaphore_A_noEvents__C                      
200160f4  ti_sysbios_knl_Semaphore_A_overflow__C                      
200160f8  ti_sysbios_knl_Semaphore_A_pendTaskDisabled__C              
200160fc  ti_sysbios_knl_Semaphore_Instance_State_pendQ__O            
20016100  ti_sysbios_knl_Semaphore_LM_pend__C                         
20016104  ti_sysbios_knl_Semaphore_LM_post__C                         
20016108  ti_sysbios_knl_Semaphore_Module__diagsEnabled__C            
2001610c  ti_sysbios_knl_Semaphore_Module__diagsIncluded__C           
20016110  ti_sysbios_knl_Semaphore_Module__diagsMask__C               
20016114  ti_sysbios_knl_Semaphore_Module__loggerFxn2__C              
20016118  ti_sysbios_knl_Semaphore_Module__loggerFxn4__C              
2001611c  ti_sysbios_knl_Semaphore_Module__loggerObj__C               
20016120  ti_sysbios_knl_Swi_LD_end__C                                
20016124  ti_sysbios_knl_Swi_LM_begin__C                              
20016128  ti_sysbios_knl_Swi_LM_post__C                               
2001612c  ti_sysbios_knl_Swi_Module__diagsEnabled__C                  
20016130  ti_sysbios_knl_Swi_Module__diagsIncluded__C                 
20016134  ti_sysbios_knl_Swi_Module__diagsMask__C                     
20016138  ti_sysbios_knl_Swi_Module__loggerFxn1__C                    
2001613c  ti_sysbios_knl_Swi_Module__loggerFxn4__C                    
20016140  ti_sysbios_knl_Swi_Module__loggerObj__C                     
20016144  ti_sysbios_knl_Swi_Object__count__C                         
20016148  ti_sysbios_knl_Task_A_badPriority__C                        
2001614c  ti_sysbios_knl_Task_A_badTaskState__C                       
20016150  ti_sysbios_knl_Task_A_badThreadType__C                      
20016154  ti_sysbios_knl_Task_A_badTimeout__C                         
20016158  ti_sysbios_knl_Task_A_noPendElem__C                         
2001615c  ti_sysbios_knl_Task_A_sleepTaskDisabled__C                  
20016160  ti_sysbios_knl_Task_E_spOutOfBounds__C                      
20016164  ti_sysbios_knl_Task_E_stackOverflow__C                      
20016168  ti_sysbios_knl_Task_LD_block__C                             
2001616c  ti_sysbios_knl_Task_LD_exit__C                              
20016170  ti_sysbios_knl_Task_LD_ready__C                             
20016174  ti_sysbios_knl_Task_LM_setPri__C                            
20016178  ti_sysbios_knl_Task_LM_sleep__C                             
2001617c  ti_sysbios_knl_Task_LM_switch__C                            
20016180  ti_sysbios_knl_Task_LM_yield__C                             
20016184  ti_sysbios_knl_Task_Module_State_inactiveQ__O               
20016188  ti_sysbios_knl_Task_Module__diagsEnabled__C                 
2001618c  ti_sysbios_knl_Task_Module__diagsIncluded__C                
20016190  ti_sysbios_knl_Task_Module__diagsMask__C                    
20016194  ti_sysbios_knl_Task_Module__loggerFxn2__C                   
20016198  ti_sysbios_knl_Task_Module__loggerFxn4__C                   
2001619c  ti_sysbios_knl_Task_Module__loggerObj__C                    
200161a0  ti_sysbios_knl_Task_Object__count__C                        
200161a4  ti_sysbios_knl_Task_allBlockedFunc__C                       
200161a8  ti_sysbios_knl_Task_defaultStackHeap__C                     
200161ac  ti_sysbios_knl_Task_defaultStackSize__C                     
200161b0  ti_sysbios_knl_Task_numConstructedTasks__C                  
200161b4  xdc_runtime_Assert_E_assertFailed__C                        
200161b8  xdc_runtime_Core_A_initializedParams__C                     
200161bc  xdc_runtime_Core_Module__diagsEnabled__C                    
200161c0  xdc_runtime_Core_Module__diagsIncluded__C                   
200161c4  xdc_runtime_Core_Module__diagsMask__C                       
200161c8  xdc_runtime_Error_E_memory__C                               
200161cc  xdc_runtime_Error_Module__diagsEnabled__C                   
200161d0  xdc_runtime_Error_Module__diagsIncluded__C                  
200161d4  xdc_runtime_Error_Module__diagsMask__C                      
200161d8  xdc_runtime_Error_Module__loggerFxn8__C                     
200161dc  xdc_runtime_Error_Module__loggerObj__C                      
200161e0  xdc_runtime_Error_policyFxn__C                              
200161e4  xdc_runtime_Error_raiseHook__C                              
200161e8  xdc_runtime_IFilterLogger_Interface__BASE__C                
200161ec  xdc_runtime_IGateProvider_Interface__BASE__C                
200161f0  xdc_runtime_IHeap_Interface__BASE__C                        
200161f4  xdc_runtime_ILogger_Interface__BASE__C                      
200161f8  xdc_runtime_IModule_Interface__BASE__C                      
200161fc  xdc_runtime_Log_L_error__C                                  
20016200  xdc_runtime_LoggerBuf_E_badLevel__C                         
20016204  xdc_runtime_LoggerBuf_Module__gateObj__C                    
20016208  xdc_runtime_LoggerBuf_Object__count__C                      
2001620c  xdc_runtime_LoggerBuf_statusLogger__C                       
20016210  xdc_runtime_Memory_defaultHeapInstance__C                   
20016214  xdc_runtime_Startup_execImpl__C                             
20016218  xdc_runtime_Startup_maxPasses__C                            
2001621c  xdc_runtime_Startup_sfxnRts__C                              
20016220  xdc_runtime_Startup_sfxnTab__C                              
20016224  xdc_runtime_SysMin_bufSize__C                               
20016228  xdc_runtime_SysMin_outputFunc__C                            
2001622c  xdc_runtime_System_Module__gateObj__C                       
20016230  xdc_runtime_System_abortFxn__C                              
20016234  xdc_runtime_System_exitFxn__C                               
20016238  xdc_runtime_System_extendFxn__C                             
2001623c  xdc_runtime_System_maxAtexitHandlers__C                     
20016240  xdc_runtime_Text_charTab__C                                 
20016244  xdc_runtime_Text_nameEmpty__C                               
20016248  xdc_runtime_Text_nameStatic__C                              
2001624c  xdc_runtime_Text_nameUnknown__C                             
20016250  xdc_runtime_Text_nodeTab__C                                 
20016254  xdc_runtime_Text_visitRopeFxn__C                            
20016258  ti_sysbios_family_arm_m3_Hwi_Module__loggerDefined__C       
2001625a  ti_sysbios_family_arm_m3_Timer_Module__id__C                
2001625c  ti_sysbios_family_arm_m3_TimestampProvider_configTimer__C   
2001625e  ti_sysbios_gates_GateMutex_Module__id__C                    
20016260  ti_sysbios_hal_Hwi_Module__id__C                            
20016262  ti_sysbios_heaps_HeapMem_Module__id__C                      
20016264  ti_sysbios_knl_Clock_Module__id__C                          
20016266  ti_sysbios_knl_Clock_Module__loggerDefined__C               
20016268  ti_sysbios_knl_Mailbox_Module__id__C                        
2001626a  ti_sysbios_knl_Semaphore_Module__id__C                      
2001626c  ti_sysbios_knl_Semaphore_Module__loggerDefined__C           
2001626e  ti_sysbios_knl_Swi_Module__id__C                            
20016270  ti_sysbios_knl_Swi_Module__loggerDefined__C                 
20016272  ti_sysbios_knl_Task_Module__id__C                           
20016274  ti_sysbios_knl_Task_Module__loggerDefined__C                
20016276  xdc_runtime_Core_Module__id__C                              
20016278  xdc_runtime_Error_Module__loggerDefined__C                  
2001627a  xdc_runtime_Error_maxDepth__C                               
2001627c  xdc_runtime_LoggerBuf_Module__id__C                         
2001627e  xdc_runtime_LoggerBuf_filterByLevel__C                      
20016280  xdc_runtime_Memory_Module__id__C                            
20016282  xdc_runtime_SysMin_flushAtExit__C                           
20016284  xdc_runtime_Text_charCnt__C                                 
20016286  xdc_runtime_Text_isLoaded__C                                
20016288  xdc_runtime_Text_registryModsLastId__C                      
2001628a  xdc_runtime_Text_unnamedModsLastId__C                       
2001628c  xdc_runtime_Error_policy__C                                 
20016290  __TI_static_base__                                          
20016618  __TI_Handler_Table_Base                                     
20016624  __TI_Handler_Table_Limit                                    
20016630  __TI_CINIT_Base                                             
20016640  __TI_CINIT_Limit                                            
20017000  ti_sysbios_heaps_HeapMem_Instance_State_0_buf__A            
2001f000  ti_sysbios_knl_Task_Instance_State_0_stack__A               
2001f800  gpCtlTbl                                                    
2001fc00  xdc_runtime_LoggerBuf_Instance_State_0_entryArr__A          
20020000  xdc_runtime_SysMin_Module_State_0_outbuf__A                 
20020400  ti_sysbios_family_arm_m3_Hwi_dispatchTable                  
20020884  __CIOBUF_                                                   
200209a4  gfpAppCallbackHndl                                          
20020aa4  g_ucDinDout                                                 
20020af4  g_slSocketParam                                             
20020b0c  DMAMsgQ                                                     
20020b10  GreenLightHandle                                            
20020b14  SimpleLinkSpawnTaskHndl                                     
20020b18  TcpHandle                                                   
20020b1c  UdpHandle                                                   
20020b24  g_cDummy                                                    
20020b28  g_sendSignal                                                
20020b2c  simpleLink_mailbox                                          
20020b30  RxIrqCnt                                                    
20020b31  g_bDeviceRestartIsRequired                                  
20020b32  g_ucLED1Pin                                                 
20020b33  g_ucLED2Pin                                                 
20020b34  g_ucLED3Pin                                                 
20020b35  iDone                                                       
20020b38  ti_sysbios_family_arm_m3_Hwi_Module__root__V                
20020b40  ti_sysbios_family_arm_m3_Hwi_Object__table__V               
20020b58  ti_sysbios_family_arm_m3_Hwi_Module_State_0_excActive__A    
20020b5c  ti_sysbios_family_arm_m3_Hwi_Module_State_0_excContext__A   
20020b60  ti_sysbios_family_arm_m3_Hwi_Module_State_0_excStack__A     
20020b64  ti_sysbios_family_arm_m3_Timer_Module__root__V              
20020b6c  ti_sysbios_family_arm_m3_Timer_Module__state__V             
20020b78  ti_sysbios_family_arm_m3_TimestampProvider_Module__state__V 
20020b7c  ti_sysbios_gates_GateHwi_Module__root__V                    
20020b84  ti_sysbios_gates_GateHwi_Object__table__V                   
20020b88  ti_sysbios_gates_GateMutex_Module__root__V                  
20020b90  ti_sysbios_hal_Hwi_Module__root__V                          
20020b98  ti_sysbios_hal_Timer_Module__root__V                        
20020ba0  ti_sysbios_heaps_HeapMem_Module__root__V                    
20020ba8  ti_sysbios_heaps_HeapMem_Object__table__V                   
20020bc0  ti_sysbios_knl_Clock_Module__root__V                        
20020bc8  ti_sysbios_knl_Event_Module__root__V                        
20020bd0  ti_sysbios_knl_Mailbox_Module__root__V                      
20020bd8  ti_sysbios_knl_Queue_Module__root__V                        
20020be0  ti_sysbios_knl_Semaphore_Module__root__V                    
20020be8  ti_sysbios_knl_Swi_Module__root__V                          
20020bf0  ti_sysbios_knl_Swi_Module__state__V                         
20020c0c  ti_sysbios_knl_Task_Module__root__V                         
20020c14  ti_sysbios_knl_Task_Module_State_0_idleTask__A              
20020c18  xdc_runtime_Error_Module__state__V                          
20020c1c  xdc_runtime_LoggerBuf_Module__root__V                       
20020c24  xdc_runtime_LoggerBuf_Module__state__V                      
20020c2c  xdc_runtime_Memory_Module__state__V                         
20020c30  xdc_runtime_Registry_Module__state__V                       
20020c38  xdc_runtime_Startup_Module__state__V                        
20020c40  xdc_runtime_SysMin_Module__state__V                         
20020c4c  xdc_runtime_System_Module_State_0_atexitHandlers__A         
20020c5c  xdc_runtime_System_Module__state__V                         
20020c64  xdc_runtime_Text_Module__state__V                           
20020c6c  __xdc__init__addr                                           
20020d20  _Denorm                                                     
20020d30  _Eps                                                        
20020d40  _Hugeval                                                    
20020d50  _Inf                                                        
20020d60  _Nan                                                        
20020d70  _Snan                                                       
20020d80  _Rteps                                                      
20020d90  _Xbig                                                       
20020d98  _Zero                                                       
20020da0  ti_sysbios_knl_Swi_Module_State_0_readyQ__A                 
20020e20  ti_sysbios_knl_Task_Module_State_0_readyQ__A                
20020ea0  g_ulStatus                                                  
20020ea4  g_ulDestIp                                                  
20020ea8  g_ulPingPacketsRecv                                         
20020ead  g_bUdpOrTcp                                                 
20020eb0  g_iUdpSockHandle                                            
20020eb4  g_iTcpSockHandle                                            
20020eb8  g_iSockBlockSize                                            
20020ebc  g_cUart1RxBufA                                              
20020ecd  g_cUart1RxBufB                                              
20020ede  g_cUart1TxBuf                                               
20020ef0  g_ulRxABufFillCount                                         
20020ef4  g_ulRxBBufFillCount                                         
20020ef8  g_ulTxBufFillCount                                          
20020efc  g_ulTxCount                                                 
20020f00  g_ulRxCount                                                 
20020f04  g_bButtonPress                                              
20020f08  ti_sysbios_knl_Task_Object__table__V                        
20020f54  ti_sysbios_knl_Task_Module__state__V                        
20020f98  ti_sysbios_gates_GateMutex_Object__table__V                 
20020fd0  ti_sysbios_family_arm_m3_Hwi_Module__state__V               
20021004  ti_sysbios_family_arm_m3_Timer_Object__table__V             
20021034  ti_sysbios_knl_Swi_Object__table__V                         
20021064  ti_sysbios_knl_Clock_Module__state__V                       
20021090  ti_sysbios_BIOS_Module__state__V                            
200210b4  xdc_runtime_LoggerBuf_Object__table__V                      
200210ec  g_uiLED1Port                                                
200210f0  g_uiLED2Port                                                
200210f4  g_uiLED3Port                                                
200210f8  g_SlDeviceStatus                                            
200210fc  g_pCB                                                       
20021100  pPingCallBackFunc                                           
20021108  g_SpiFd                                                     
2002110c  g_pHostIntHdl                                               
20021110  g_ucDMAEnabled                                              
20021114  _lock                                                       
20021118  _unlock                                                     
2002111c  __TI_cleanup_ptr                                            
20021120  __TI_dtors_ptr                                              
20021124  _Fenv                                                       
20021128  _Tls_setup__Fenv                                            
2002112c  _Errno                                                      
20021130  main_func_sp                                                
2002e000  __stack                                                     
20030000  __STACK_END                                                 
e000e000  ti_sysbios_family_arm_m3_Hwi_nvic                           
ffffffff  __binit__                                                   
ffffffff  __c_args__                                                  
ffffffff  binit                                                       
UNDEFED   SHT$$INIT_ARRAY$$Base                                       
UNDEFED   SHT$$INIT_ARRAY$$Limit                                      

[966 symbols]
